// === Document Symbols ===
// === /first.tlua ===
// class A {
//   #foo() {
//     class B {
//       #bar() {   
//          <|function [|{| name: baz, kind: Function |}baz|] () end|>
//       }
//     }
//   }
// --- (line: 9) skipped ---

// === Details ===
(Function) baz




// === Document Symbols ===


// === Details ===
