// === Document Symbols ===
// === /navigationBarItemsFunctionProperties.tlua ===
// (<|[|{| name: <function>, kind: Function |}|]function()
// local <|[|{| name: A, kind: Variable |}A|]|>;
// A
// .a = <|[|{| name: a, kind: Function |}|]function() end|>;
// end|>)();

// === Details ===
(Function) <function>
  (Variable) A
  (Function) a
