// === SignatureHelp ===
=== /signatureHelpAfterParameterVS.tlua ===
// type Type = (a, b, c) => void
// local a: Type = function(a, b) end
//                           ^
// | ----------------------------------------------------------------------
// | Type(**a: any**, b: any, c: any): void
// | ----------------------------------------------------------------------
//                              ^
// | ----------------------------------------------------------------------
// | Type(a: any, **b: any**, c: any): void
// | ----------------------------------------------------------------------
// local b: Type = function (a, b) end
//                            ^
// | ----------------------------------------------------------------------
// | Type(**a: any**, b: any, c: any): void
// | ----------------------------------------------------------------------
//                               ^
// | ----------------------------------------------------------------------
// | Type(a: any, **b: any**, c: any): void
// | ----------------------------------------------------------------------
// local c: Type = function({ a: { b }} = { }, [b], ...c) end
//                            ^
// | ----------------------------------------------------------------------
// | Type(**a: any**, b: any, c: any): void
// | ----------------------------------------------------------------------
//                                  ^
// | ----------------------------------------------------------------------
// | Type(**a: any**, b: any, c: any): void
// | ----------------------------------------------------------------------
//                                     ^
// | ----------------------------------------------------------------------
// | Type(**a: any**, b: any, c: any): void
// | ----------------------------------------------------------------------
//                                           ^
// | ----------------------------------------------------------------------
// | Type(**a: any**, b: any, c: any): void
// | ----------------------------------------------------------------------
//                                               ^
// | ----------------------------------------------------------------------
// | Type(a: any, b: any, **c: any**): void
// | ----------------------------------------------------------------------
//                                                ^
// | ----------------------------------------------------------------------
// | No signaturehelp at /*10*/.
// | ----------------------------------------------------------------------
//                                                     ^
// | ----------------------------------------------------------------------
// | No signaturehelp at /*11*/.
// | ----------------------------------------------------------------------
//                                                      ^
// | ----------------------------------------------------------------------
// | No signaturehelp at /*12*/.
// | ----------------------------------------------------------------------
[
  {
    "marker": {
      "Position": 56,
      "LSPosition": {
        "line": 1,
        "character": 26
      },
      "Name": "1",
      "Data": {}
    },
    "item": {
      "signatures": [
        {
          "label": "Type(a: any, b: any, c: any): void",
          "parameters": [
            {
              "label": "a: any"
            },
            {
              "label": "b: any"
            },
            {
              "label": "c: any"
            }
          ],
          "activeParameter": 0,
          "_vs_colorizedLabel": {
            "Runs": [
              {
                "ClassificationTypeName": "identifier",
                "Text": "Type",
                "_vs_type": "ClassifiedTextRun"
              },
              {
                "ClassificationTypeName": "punctuation",
                "Text": "(",
                "_vs_type": "ClassifiedTextRun"
              },
              {
                "ClassificationTypeName": "parameter name",
                "Text": "a",
                "_vs_type": "ClassifiedTextRun"
              },
              {
                "ClassificationTypeName": "punctuation",
                "Text": ":",
                "_vs_type": "ClassifiedTextRun"
              },
              {
                "ClassificationTypeName": "whitespace",
                "Text": " ",
                "_vs_type": "ClassifiedTextRun"
              },
              {
                "ClassificationTypeName": "keyword",
                "Text": "any",
                "_vs_type": "ClassifiedTextRun"
              },
              {
                "ClassificationTypeName": "punctuation",
                "Text": ", ",
                "_vs_type": "ClassifiedTextRun"
              },
              {
                "ClassificationTypeName": "parameter name",
                "Text": "b",
                "_vs_type": "ClassifiedTextRun"
              },
              {
                "ClassificationTypeName": "punctuation",
                "Text": ":",
                "_vs_type": "ClassifiedTextRun"
              },
              {
                "ClassificationTypeName": "whitespace",
                "Text": " ",
                "_vs_type": "ClassifiedTextRun"
              },
              {
                "ClassificationTypeName": "keyword",
                "Text": "any",
                "_vs_type": "ClassifiedTextRun"
              },
              {
                "ClassificationTypeName": "punctuation",
                "Text": ", ",
                "_vs_type": "ClassifiedTextRun"
              },
              {
                "ClassificationTypeName": "parameter name",
                "Text": "c",
                "_vs_type": "ClassifiedTextRun"
              },
              {
                "ClassificationTypeName": "punctuation",
                "Text": ":",
                "_vs_type": "ClassifiedTextRun"
              },
              {
                "ClassificationTypeName": "whitespace",
                "Text": " ",
                "_vs_type": "ClassifiedTextRun"
              },
              {
                "ClassificationTypeName": "keyword",
                "Text": "any",
                "_vs_type": "ClassifiedTextRun"
              },
              {
                "ClassificationTypeName": "punctuation",
                "Text": ")",
                "_vs_type": "ClassifiedTextRun"
              },
              {
                "ClassificationTypeName": "punctuation",
                "Text": ": ",
                "_vs_type": "ClassifiedTextRun"
              },
              {
                "ClassificationTypeName": "keyword",
                "Text": "void",
                "_vs_type": "ClassifiedTextRun"
              }
            ],
            "_vs_type": "ClassifiedTextElement"
          }
        }
      ],
      "activeSignature": 0
    }
  },
  {
    "marker": {
      "Position": 59,
      "LSPosition": {
        "line": 1,
        "character": 29
      },
      "Name": "2",
      "Data": {}
    },
    "item": {
      "signatures": [
        {
          "label": "Type(a: any, b: any, c: any): void",
          "parameters": [
            {
              "label": "a: any"
            },
            {
              "label": "b: any"
            },
            {
              "label": "c: any"
            }
          ],
          "activeParameter": 1,
          "_vs_colorizedLabel": {
            "Runs": [
              {
                "ClassificationTypeName": "identifier",
                "Text": "Type",
                "_vs_type": "ClassifiedTextRun"
              },
              {
                "ClassificationTypeName": "punctuation",
                "Text": "(",
                "_vs_type": "ClassifiedTextRun"
              },
              {
                "ClassificationTypeName": "parameter name",
                "Text": "a",
                "_vs_type": "ClassifiedTextRun"
              },
              {
                "ClassificationTypeName": "punctuation",
                "Text": ":",
                "_vs_type": "ClassifiedTextRun"
              },
              {
                "ClassificationTypeName": "whitespace",
                "Text": " ",
                "_vs_type": "ClassifiedTextRun"
              },
              {
                "ClassificationTypeName": "keyword",
                "Text": "any",
                "_vs_type": "ClassifiedTextRun"
              },
              {
                "ClassificationTypeName": "punctuation",
                "Text": ", ",
                "_vs_type": "ClassifiedTextRun"
              },
              {
                "ClassificationTypeName": "parameter name",
                "Text": "b",
                "_vs_type": "ClassifiedTextRun"
              },
              {
                "ClassificationTypeName": "punctuation",
                "Text": ":",
                "_vs_type": "ClassifiedTextRun"
              },
              {
                "ClassificationTypeName": "whitespace",
                "Text": " ",
                "_vs_type": "ClassifiedTextRun"
              },
              {
                "ClassificationTypeName": "keyword",
                "Text": "any",
                "_vs_type": "ClassifiedTextRun"
              },
              {
                "ClassificationTypeName": "punctuation",
                "Text": ", ",
                "_vs_type": "ClassifiedTextRun"
              },
              {
                "ClassificationTypeName": "parameter name",
                "Text": "c",
                "_vs_type": "ClassifiedTextRun"
              },
              {
                "ClassificationTypeName": "punctuation",
                "Text": ":",
                "_vs_type": "ClassifiedTextRun"
              },
              {
                "ClassificationTypeName": "whitespace",
                "Text": " ",
                "_vs_type": "ClassifiedTextRun"
              },
              {
                "ClassificationTypeName": "keyword",
                "Text": "any",
                "_vs_type": "ClassifiedTextRun"
              },
              {
                "ClassificationTypeName": "punctuation",
                "Text": ")",
                "_vs_type": "ClassifiedTextRun"
              },
              {
                "ClassificationTypeName": "punctuation",
                "Text": ": ",
                "_vs_type": "ClassifiedTextRun"
              },
              {
                "ClassificationTypeName": "keyword",
                "Text": "void",
                "_vs_type": "ClassifiedTextRun"
              }
            ],
            "_vs_type": "ClassifiedTextElement"
          }
        }
      ],
      "activeSignature": 0
    }
  },
  {
    "marker": {
      "Position": 92,
      "LSPosition": {
        "line": 2,
        "character": 27
      },
      "Name": "3",
      "Data": {}
    },
    "item": {
      "signatures": [
        {
          "label": "Type(a: any, b: any, c: any): void",
          "parameters": [
            {
              "label": "a: any"
            },
            {
              "label": "b: any"
            },
            {
              "label": "c: any"
            }
          ],
          "activeParameter": 0,
          "_vs_colorizedLabel": {
            "Runs": [
              {
                "ClassificationTypeName": "identifier",
                "Text": "Type",
                "_vs_type": "ClassifiedTextRun"
              },
              {
                "ClassificationTypeName": "punctuation",
                "Text": "(",
                "_vs_type": "ClassifiedTextRun"
              },
              {
                "ClassificationTypeName": "parameter name",
                "Text": "a",
                "_vs_type": "ClassifiedTextRun"
              },
              {
                "ClassificationTypeName": "punctuation",
                "Text": ":",
                "_vs_type": "ClassifiedTextRun"
              },
              {
                "ClassificationTypeName": "whitespace",
                "Text": " ",
                "_vs_type": "ClassifiedTextRun"
              },
              {
                "ClassificationTypeName": "keyword",
                "Text": "any",
                "_vs_type": "ClassifiedTextRun"
              },
              {
                "ClassificationTypeName": "punctuation",
                "Text": ", ",
                "_vs_type": "ClassifiedTextRun"
              },
              {
                "ClassificationTypeName": "parameter name",
                "Text": "b",
                "_vs_type": "ClassifiedTextRun"
              },
              {
                "ClassificationTypeName": "punctuation",
                "Text": ":",
                "_vs_type": "ClassifiedTextRun"
              },
              {
                "ClassificationTypeName": "whitespace",
                "Text": " ",
                "_vs_type": "ClassifiedTextRun"
              },
              {
                "ClassificationTypeName": "keyword",
                "Text": "any",
                "_vs_type": "ClassifiedTextRun"
              },
              {
                "ClassificationTypeName": "punctuation",
                "Text": ", ",
                "_vs_type": "ClassifiedTextRun"
              },
              {
                "ClassificationTypeName": "parameter name",
                "Text": "c",
                "_vs_type": "ClassifiedTextRun"
              },
              {
                "ClassificationTypeName": "punctuation",
                "Text": ":",
                "_vs_type": "ClassifiedTextRun"
              },
              {
                "ClassificationTypeName": "whitespace",
                "Text": " ",
                "_vs_type": "ClassifiedTextRun"
              },
              {
                "ClassificationTypeName": "keyword",
                "Text": "any",
                "_vs_type": "ClassifiedTextRun"
              },
              {
                "ClassificationTypeName": "punctuation",
                "Text": ")",
                "_vs_type": "ClassifiedTextRun"
              },
              {
                "ClassificationTypeName": "punctuation",
                "Text": ": ",
                "_vs_type": "ClassifiedTextRun"
              },
              {
                "ClassificationTypeName": "keyword",
                "Text": "void",
                "_vs_type": "ClassifiedTextRun"
              }
            ],
            "_vs_type": "ClassifiedTextElement"
          }
        }
      ],
      "activeSignature": 0
    }
  },
  {
    "marker": {
      "Position": 95,
      "LSPosition": {
        "line": 2,
        "character": 30
      },
      "Name": "4",
      "Data": {}
    },
    "item": {
      "signatures": [
        {
          "label": "Type(a: any, b: any, c: any): void",
          "parameters": [
            {
              "label": "a: any"
            },
            {
              "label": "b: any"
            },
            {
              "label": "c: any"
            }
          ],
          "activeParameter": 1,
          "_vs_colorizedLabel": {
            "Runs": [
              {
                "ClassificationTypeName": "identifier",
                "Text": "Type",
                "_vs_type": "ClassifiedTextRun"
              },
              {
                "ClassificationTypeName": "punctuation",
                "Text": "(",
                "_vs_type": "ClassifiedTextRun"
              },
              {
                "ClassificationTypeName": "parameter name",
                "Text": "a",
                "_vs_type": "ClassifiedTextRun"
              },
              {
                "ClassificationTypeName": "punctuation",
                "Text": ":",
                "_vs_type": "ClassifiedTextRun"
              },
              {
                "ClassificationTypeName": "whitespace",
                "Text": " ",
                "_vs_type": "ClassifiedTextRun"
              },
              {
                "ClassificationTypeName": "keyword",
                "Text": "any",
                "_vs_type": "ClassifiedTextRun"
              },
              {
                "ClassificationTypeName": "punctuation",
                "Text": ", ",
                "_vs_type": "ClassifiedTextRun"
              },
              {
                "ClassificationTypeName": "parameter name",
                "Text": "b",
                "_vs_type": "ClassifiedTextRun"
              },
              {
                "ClassificationTypeName": "punctuation",
                "Text": ":",
                "_vs_type": "ClassifiedTextRun"
              },
              {
                "ClassificationTypeName": "whitespace",
                "Text": " ",
                "_vs_type": "ClassifiedTextRun"
              },
              {
                "ClassificationTypeName": "keyword",
                "Text": "any",
                "_vs_type": "ClassifiedTextRun"
              },
              {
                "ClassificationTypeName": "punctuation",
                "Text": ", ",
                "_vs_type": "ClassifiedTextRun"
              },
              {
                "ClassificationTypeName": "parameter name",
                "Text": "c",
                "_vs_type": "ClassifiedTextRun"
              },
              {
                "ClassificationTypeName": "punctuation",
                "Text": ":",
                "_vs_type": "ClassifiedTextRun"
              },
              {
                "ClassificationTypeName": "whitespace",
                "Text": " ",
                "_vs_type": "ClassifiedTextRun"
              },
              {
                "ClassificationTypeName": "keyword",
                "Text": "any",
                "_vs_type": "ClassifiedTextRun"
              },
              {
                "ClassificationTypeName": "punctuation",
                "Text": ")",
                "_vs_type": "ClassifiedTextRun"
              },
              {
                "ClassificationTypeName": "punctuation",
                "Text": ": ",
                "_vs_type": "ClassifiedTextRun"
              },
              {
                "ClassificationTypeName": "keyword",
                "Text": "void",
                "_vs_type": "ClassifiedTextRun"
              }
            ],
            "_vs_type": "ClassifiedTextElement"
          }
        }
      ],
      "activeSignature": 0
    }
  },
  {
    "marker": {
      "Position": 128,
      "LSPosition": {
        "line": 3,
        "character": 27
      },
      "Name": "5",
      "Data": {}
    },
    "item": {
      "signatures": [
        {
          "label": "Type(a: any, b: any, c: any): void",
          "parameters": [
            {
              "label": "a: any"
            },
            {
              "label": "b: any"
            },
            {
              "label": "c: any"
            }
          ],
          "activeParameter": 0,
          "_vs_colorizedLabel": {
            "Runs": [
              {
                "ClassificationTypeName": "identifier",
                "Text": "Type",
                "_vs_type": "ClassifiedTextRun"
              },
              {
                "ClassificationTypeName": "punctuation",
                "Text": "(",
                "_vs_type": "ClassifiedTextRun"
              },
              {
                "ClassificationTypeName": "parameter name",
                "Text": "a",
                "_vs_type": "ClassifiedTextRun"
              },
              {
                "ClassificationTypeName": "punctuation",
                "Text": ":",
                "_vs_type": "ClassifiedTextRun"
              },
              {
                "ClassificationTypeName": "whitespace",
                "Text": " ",
                "_vs_type": "ClassifiedTextRun"
              },
              {
                "ClassificationTypeName": "keyword",
                "Text": "any",
                "_vs_type": "ClassifiedTextRun"
              },
              {
                "ClassificationTypeName": "punctuation",
                "Text": ", ",
                "_vs_type": "ClassifiedTextRun"
              },
              {
                "ClassificationTypeName": "parameter name",
                "Text": "b",
                "_vs_type": "ClassifiedTextRun"
              },
              {
                "ClassificationTypeName": "punctuation",
                "Text": ":",
                "_vs_type": "ClassifiedTextRun"
              },
              {
                "ClassificationTypeName": "whitespace",
                "Text": " ",
                "_vs_type": "ClassifiedTextRun"
              },
              {
                "ClassificationTypeName": "keyword",
                "Text": "any",
                "_vs_type": "ClassifiedTextRun"
              },
              {
                "ClassificationTypeName": "punctuation",
                "Text": ", ",
                "_vs_type": "ClassifiedTextRun"
              },
              {
                "ClassificationTypeName": "parameter name",
                "Text": "c",
                "_vs_type": "ClassifiedTextRun"
              },
              {
                "ClassificationTypeName": "punctuation",
                "Text": ":",
                "_vs_type": "ClassifiedTextRun"
              },
              {
                "ClassificationTypeName": "whitespace",
                "Text": " ",
                "_vs_type": "ClassifiedTextRun"
              },
              {
                "ClassificationTypeName": "keyword",
                "Text": "any",
                "_vs_type": "ClassifiedTextRun"
              },
              {
                "ClassificationTypeName": "punctuation",
                "Text": ")",
                "_vs_type": "ClassifiedTextRun"
              },
              {
                "ClassificationTypeName": "punctuation",
                "Text": ": ",
                "_vs_type": "ClassifiedTextRun"
              },
              {
                "ClassificationTypeName": "keyword",
                "Text": "void",
                "_vs_type": "ClassifiedTextRun"
              }
            ],
            "_vs_type": "ClassifiedTextElement"
          }
        }
      ],
      "activeSignature": 0
    }
  },
  {
    "marker": {
      "Position": 134,
      "LSPosition": {
        "line": 3,
        "character": 33
      },
      "Name": "6",
      "Data": {}
    },
    "item": {
      "signatures": [
        {
          "label": "Type(a: any, b: any, c: any): void",
          "parameters": [
            {
              "label": "a: any"
            },
            {
              "label": "b: any"
            },
            {
              "label": "c: any"
            }
          ],
          "activeParameter": 0,
          "_vs_colorizedLabel": {
            "Runs": [
              {
                "ClassificationTypeName": "identifier",
                "Text": "Type",
                "_vs_type": "ClassifiedTextRun"
              },
              {
                "ClassificationTypeName": "punctuation",
                "Text": "(",
                "_vs_type": "ClassifiedTextRun"
              },
              {
                "ClassificationTypeName": "parameter name",
                "Text": "a",
                "_vs_type": "ClassifiedTextRun"
              },
              {
                "ClassificationTypeName": "punctuation",
                "Text": ":",
                "_vs_type": "ClassifiedTextRun"
              },
              {
                "ClassificationTypeName": "whitespace",
                "Text": " ",
                "_vs_type": "ClassifiedTextRun"
              },
              {
                "ClassificationTypeName": "keyword",
                "Text": "any",
                "_vs_type": "ClassifiedTextRun"
              },
              {
                "ClassificationTypeName": "punctuation",
                "Text": ", ",
                "_vs_type": "ClassifiedTextRun"
              },
              {
                "ClassificationTypeName": "parameter name",
                "Text": "b",
                "_vs_type": "ClassifiedTextRun"
              },
              {
                "ClassificationTypeName": "punctuation",
                "Text": ":",
                "_vs_type": "ClassifiedTextRun"
              },
              {
                "ClassificationTypeName": "whitespace",
                "Text": " ",
                "_vs_type": "ClassifiedTextRun"
              },
              {
                "ClassificationTypeName": "keyword",
                "Text": "any",
                "_vs_type": "ClassifiedTextRun"
              },
              {
                "ClassificationTypeName": "punctuation",
                "Text": ", ",
                "_vs_type": "ClassifiedTextRun"
              },
              {
                "ClassificationTypeName": "parameter name",
                "Text": "c",
                "_vs_type": "ClassifiedTextRun"
              },
              {
                "ClassificationTypeName": "punctuation",
                "Text": ":",
                "_vs_type": "ClassifiedTextRun"
              },
              {
                "ClassificationTypeName": "whitespace",
                "Text": " ",
                "_vs_type": "ClassifiedTextRun"
              },
              {
                "ClassificationTypeName": "keyword",
                "Text": "any",
                "_vs_type": "ClassifiedTextRun"
              },
              {
                "ClassificationTypeName": "punctuation",
                "Text": ")",
                "_vs_type": "ClassifiedTextRun"
              },
              {
                "ClassificationTypeName": "punctuation",
                "Text": ": ",
                "_vs_type": "ClassifiedTextRun"
              },
              {
                "ClassificationTypeName": "keyword",
                "Text": "void",
                "_vs_type": "ClassifiedTextRun"
              }
            ],
            "_vs_type": "ClassifiedTextElement"
          }
        }
      ],
      "activeSignature": 0
    }
  },
  {
    "marker": {
      "Position": 137,
      "LSPosition": {
        "line": 3,
        "character": 36
      },
      "Name": "7",
      "Data": {}
    },
    "item": {
      "signatures": [
        {
          "label": "Type(a: any, b: any, c: any): void",
          "parameters": [
            {
              "label": "a: any"
            },
            {
              "label": "b: any"
            },
            {
              "label": "c: any"
            }
          ],
          "activeParameter": 0,
          "_vs_colorizedLabel": {
            "Runs": [
              {
                "ClassificationTypeName": "identifier",
                "Text": "Type",
                "_vs_type": "ClassifiedTextRun"
              },
              {
                "ClassificationTypeName": "punctuation",
                "Text": "(",
                "_vs_type": "ClassifiedTextRun"
              },
              {
                "ClassificationTypeName": "parameter name",
                "Text": "a",
                "_vs_type": "ClassifiedTextRun"
              },
              {
                "ClassificationTypeName": "punctuation",
                "Text": ":",
                "_vs_type": "ClassifiedTextRun"
              },
              {
                "ClassificationTypeName": "whitespace",
                "Text": " ",
                "_vs_type": "ClassifiedTextRun"
              },
              {
                "ClassificationTypeName": "keyword",
                "Text": "any",
                "_vs_type": "ClassifiedTextRun"
              },
              {
                "ClassificationTypeName": "punctuation",
                "Text": ", ",
                "_vs_type": "ClassifiedTextRun"
              },
              {
                "ClassificationTypeName": "parameter name",
                "Text": "b",
                "_vs_type": "ClassifiedTextRun"
              },
              {
                "ClassificationTypeName": "punctuation",
                "Text": ":",
                "_vs_type": "ClassifiedTextRun"
              },
              {
                "ClassificationTypeName": "whitespace",
                "Text": " ",
                "_vs_type": "ClassifiedTextRun"
              },
              {
                "ClassificationTypeName": "keyword",
                "Text": "any",
                "_vs_type": "ClassifiedTextRun"
              },
              {
                "ClassificationTypeName": "punctuation",
                "Text": ", ",
                "_vs_type": "ClassifiedTextRun"
              },
              {
                "ClassificationTypeName": "parameter name",
                "Text": "c",
                "_vs_type": "ClassifiedTextRun"
              },
              {
                "ClassificationTypeName": "punctuation",
                "Text": ":",
                "_vs_type": "ClassifiedTextRun"
              },
              {
                "ClassificationTypeName": "whitespace",
                "Text": " ",
                "_vs_type": "ClassifiedTextRun"
              },
              {
                "ClassificationTypeName": "keyword",
                "Text": "any",
                "_vs_type": "ClassifiedTextRun"
              },
              {
                "ClassificationTypeName": "punctuation",
                "Text": ")",
                "_vs_type": "ClassifiedTextRun"
              },
              {
                "ClassificationTypeName": "punctuation",
                "Text": ": ",
                "_vs_type": "ClassifiedTextRun"
              },
              {
                "ClassificationTypeName": "keyword",
                "Text": "void",
                "_vs_type": "ClassifiedTextRun"
              }
            ],
            "_vs_type": "ClassifiedTextElement"
          }
        }
      ],
      "activeSignature": 0
    }
  },
  {
    "marker": {
      "Position": 143,
      "LSPosition": {
        "line": 3,
        "character": 42
      },
      "Name": "8",
      "Data": {}
    },
    "item": {
      "signatures": [
        {
          "label": "Type(a: any, b: any, c: any): void",
          "parameters": [
            {
              "label": "a: any"
            },
            {
              "label": "b: any"
            },
            {
              "label": "c: any"
            }
          ],
          "activeParameter": 0,
          "_vs_colorizedLabel": {
            "Runs": [
              {
                "ClassificationTypeName": "identifier",
                "Text": "Type",
                "_vs_type": "ClassifiedTextRun"
              },
              {
                "ClassificationTypeName": "punctuation",
                "Text": "(",
                "_vs_type": "ClassifiedTextRun"
              },
              {
                "ClassificationTypeName": "parameter name",
                "Text": "a",
                "_vs_type": "ClassifiedTextRun"
              },
              {
                "ClassificationTypeName": "punctuation",
                "Text": ":",
                "_vs_type": "ClassifiedTextRun"
              },
              {
                "ClassificationTypeName": "whitespace",
                "Text": " ",
                "_vs_type": "ClassifiedTextRun"
              },
              {
                "ClassificationTypeName": "keyword",
                "Text": "any",
                "_vs_type": "ClassifiedTextRun"
              },
              {
                "ClassificationTypeName": "punctuation",
                "Text": ", ",
                "_vs_type": "ClassifiedTextRun"
              },
              {
                "ClassificationTypeName": "parameter name",
                "Text": "b",
                "_vs_type": "ClassifiedTextRun"
              },
              {
                "ClassificationTypeName": "punctuation",
                "Text": ":",
                "_vs_type": "ClassifiedTextRun"
              },
              {
                "ClassificationTypeName": "whitespace",
                "Text": " ",
                "_vs_type": "ClassifiedTextRun"
              },
              {
                "ClassificationTypeName": "keyword",
                "Text": "any",
                "_vs_type": "ClassifiedTextRun"
              },
              {
                "ClassificationTypeName": "punctuation",
                "Text": ", ",
                "_vs_type": "ClassifiedTextRun"
              },
              {
                "ClassificationTypeName": "parameter name",
                "Text": "c",
                "_vs_type": "ClassifiedTextRun"
              },
              {
                "ClassificationTypeName": "punctuation",
                "Text": ":",
                "_vs_type": "ClassifiedTextRun"
              },
              {
                "ClassificationTypeName": "whitespace",
                "Text": " ",
                "_vs_type": "ClassifiedTextRun"
              },
              {
                "ClassificationTypeName": "keyword",
                "Text": "any",
                "_vs_type": "ClassifiedTextRun"
              },
              {
                "ClassificationTypeName": "punctuation",
                "Text": ")",
                "_vs_type": "ClassifiedTextRun"
              },
              {
                "ClassificationTypeName": "punctuation",
                "Text": ": ",
                "_vs_type": "ClassifiedTextRun"
              },
              {
                "ClassificationTypeName": "keyword",
                "Text": "void",
                "_vs_type": "ClassifiedTextRun"
              }
            ],
            "_vs_type": "ClassifiedTextElement"
          }
        }
      ],
      "activeSignature": 0
    }
  },
  {
    "marker": {
      "Position": 147,
      "LSPosition": {
        "line": 3,
        "character": 46
      },
      "Name": "9",
      "Data": {}
    },
    "item": {
      "signatures": [
        {
          "label": "Type(a: any, b: any, c: any): void",
          "parameters": [
            {
              "label": "a: any"
            },
            {
              "label": "b: any"
            },
            {
              "label": "c: any"
            }
          ],
          "activeParameter": 2,
          "_vs_colorizedLabel": {
            "Runs": [
              {
                "ClassificationTypeName": "identifier",
                "Text": "Type",
                "_vs_type": "ClassifiedTextRun"
              },
              {
                "ClassificationTypeName": "punctuation",
                "Text": "(",
                "_vs_type": "ClassifiedTextRun"
              },
              {
                "ClassificationTypeName": "parameter name",
                "Text": "a",
                "_vs_type": "ClassifiedTextRun"
              },
              {
                "ClassificationTypeName": "punctuation",
                "Text": ":",
                "_vs_type": "ClassifiedTextRun"
              },
              {
                "ClassificationTypeName": "whitespace",
                "Text": " ",
                "_vs_type": "ClassifiedTextRun"
              },
              {
                "ClassificationTypeName": "keyword",
                "Text": "any",
                "_vs_type": "ClassifiedTextRun"
              },
              {
                "ClassificationTypeName": "punctuation",
                "Text": ", ",
                "_vs_type": "ClassifiedTextRun"
              },
              {
                "ClassificationTypeName": "parameter name",
                "Text": "b",
                "_vs_type": "ClassifiedTextRun"
              },
              {
                "ClassificationTypeName": "punctuation",
                "Text": ":",
                "_vs_type": "ClassifiedTextRun"
              },
              {
                "ClassificationTypeName": "whitespace",
                "Text": " ",
                "_vs_type": "ClassifiedTextRun"
              },
              {
                "ClassificationTypeName": "keyword",
                "Text": "any",
                "_vs_type": "ClassifiedTextRun"
              },
              {
                "ClassificationTypeName": "punctuation",
                "Text": ", ",
                "_vs_type": "ClassifiedTextRun"
              },
              {
                "ClassificationTypeName": "parameter name",
                "Text": "c",
                "_vs_type": "ClassifiedTextRun"
              },
              {
                "ClassificationTypeName": "punctuation",
                "Text": ":",
                "_vs_type": "ClassifiedTextRun"
              },
              {
                "ClassificationTypeName": "whitespace",
                "Text": " ",
                "_vs_type": "ClassifiedTextRun"
              },
              {
                "ClassificationTypeName": "keyword",
                "Text": "any",
                "_vs_type": "ClassifiedTextRun"
              },
              {
                "ClassificationTypeName": "punctuation",
                "Text": ")",
                "_vs_type": "ClassifiedTextRun"
              },
              {
                "ClassificationTypeName": "punctuation",
                "Text": ": ",
                "_vs_type": "ClassifiedTextRun"
              },
              {
                "ClassificationTypeName": "keyword",
                "Text": "void",
                "_vs_type": "ClassifiedTextRun"
              }
            ],
            "_vs_type": "ClassifiedTextElement"
          }
        }
      ],
      "activeSignature": 0
    }
  },
  {
    "marker": {
      "Position": 148,
      "LSPosition": {
        "line": 3,
        "character": 47
      },
      "Name": "10",
      "Data": {}
    },
    "item": null
  },
  {
    "marker": {
      "Position": 153,
      "LSPosition": {
        "line": 3,
        "character": 52
      },
      "Name": "11",
      "Data": {}
    },
    "item": null
  },
  {
    "marker": {
      "Position": 154,
      "LSPosition": {
        "line": 3,
        "character": 53
      },
      "Name": "12",
      "Data": {}
    },
    "item": null
  }
]