// === SignatureHelp ===
=== /signatureHelpLuaLibColonCall.tlua ===
// local s: string = "hello";
// 
// s:sub();
//       ^
// | ----------------------------------------------------------------------
// | sub(**i: number**, j?: number): string
// | ----------------------------------------------------------------------
// s:sub(1, );
//          ^
// | ----------------------------------------------------------------------
// | sub(i: number, **j?: number**): string
// | ----------------------------------------------------------------------
// 
// s.sub();
//       ^
// | ----------------------------------------------------------------------
// | sub(**self: string**, i: number, j?: number): string
// | ----------------------------------------------------------------------
// s.sub(s, );
//          ^
// | ----------------------------------------------------------------------
// | sub(self: string, **i: number**, j?: number): string
// | ----------------------------------------------------------------------
// s.sub(s, 1, );
//             ^
// | ----------------------------------------------------------------------
// | sub(self: string, i: number, **j?: number**): string
// | ----------------------------------------------------------------------
// 
// declare h: LuaFile;
// 
// h:seek();
//        ^
// | ----------------------------------------------------------------------
// | seek(**whence?: "set" | "cur" | "end"**, offset?: number): number | nil, (string | nil)?
// | ----------------------------------------------------------------------
// h:seek("set", );
//               ^
// | ----------------------------------------------------------------------
// | seek(whence?: "set" | "cur" | "end", **offset?: number**): number | nil, (string | nil)?
// | ----------------------------------------------------------------------
[
  {
    "marker": {
      "Position": 34,
      "LSPosition": {
        "line": 2,
        "character": 6
      },
      "Name": "1",
      "Data": {}
    },
    "item": {
      "signatures": [
        {
          "label": "sub(i: number, j?: number): string",
          "parameters": [
            {
              "label": "i: number"
            },
            {
              "label": "j?: number"
            }
          ],
          "activeParameter": 0,
          "_vs_colorizedLabel": {
            "Runs": [
              {
                "ClassificationTypeName": "method name",
                "Text": "sub",
                "_vs_type": "ClassifiedTextRun"
              },
              {
                "ClassificationTypeName": "punctuation",
                "Text": "(",
                "_vs_type": "ClassifiedTextRun"
              },
              {
                "ClassificationTypeName": "parameter name",
                "Text": "i",
                "_vs_type": "ClassifiedTextRun"
              },
              {
                "ClassificationTypeName": "punctuation",
                "Text": ":",
                "_vs_type": "ClassifiedTextRun"
              },
              {
                "ClassificationTypeName": "whitespace",
                "Text": " ",
                "_vs_type": "ClassifiedTextRun"
              },
              {
                "ClassificationTypeName": "keyword",
                "Text": "number",
                "_vs_type": "ClassifiedTextRun"
              },
              {
                "ClassificationTypeName": "punctuation",
                "Text": ", ",
                "_vs_type": "ClassifiedTextRun"
              },
              {
                "ClassificationTypeName": "parameter name",
                "Text": "j",
                "_vs_type": "ClassifiedTextRun"
              },
              {
                "ClassificationTypeName": "punctuation",
                "Text": "?",
                "_vs_type": "ClassifiedTextRun"
              },
              {
                "ClassificationTypeName": "punctuation",
                "Text": ":",
                "_vs_type": "ClassifiedTextRun"
              },
              {
                "ClassificationTypeName": "whitespace",
                "Text": " ",
                "_vs_type": "ClassifiedTextRun"
              },
              {
                "ClassificationTypeName": "keyword",
                "Text": "number",
                "_vs_type": "ClassifiedTextRun"
              },
              {
                "ClassificationTypeName": "punctuation",
                "Text": ")",
                "_vs_type": "ClassifiedTextRun"
              },
              {
                "ClassificationTypeName": "punctuation",
                "Text": ": ",
                "_vs_type": "ClassifiedTextRun"
              },
              {
                "ClassificationTypeName": "keyword",
                "Text": "string",
                "_vs_type": "ClassifiedTextRun"
              }
            ],
            "_vs_type": "ClassifiedTextElement"
          }
        }
      ],
      "activeSignature": 0
    }
  },
  {
    "marker": {
      "Position": 46,
      "LSPosition": {
        "line": 3,
        "character": 9
      },
      "Name": "2",
      "Data": {}
    },
    "item": {
      "signatures": [
        {
          "label": "sub(i: number, j?: number): string",
          "parameters": [
            {
              "label": "i: number"
            },
            {
              "label": "j?: number"
            }
          ],
          "activeParameter": 1,
          "_vs_colorizedLabel": {
            "Runs": [
              {
                "ClassificationTypeName": "method name",
                "Text": "sub",
                "_vs_type": "ClassifiedTextRun"
              },
              {
                "ClassificationTypeName": "punctuation",
                "Text": "(",
                "_vs_type": "ClassifiedTextRun"
              },
              {
                "ClassificationTypeName": "parameter name",
                "Text": "i",
                "_vs_type": "ClassifiedTextRun"
              },
              {
                "ClassificationTypeName": "punctuation",
                "Text": ":",
                "_vs_type": "ClassifiedTextRun"
              },
              {
                "ClassificationTypeName": "whitespace",
                "Text": " ",
                "_vs_type": "ClassifiedTextRun"
              },
              {
                "ClassificationTypeName": "keyword",
                "Text": "number",
                "_vs_type": "ClassifiedTextRun"
              },
              {
                "ClassificationTypeName": "punctuation",
                "Text": ", ",
                "_vs_type": "ClassifiedTextRun"
              },
              {
                "ClassificationTypeName": "parameter name",
                "Text": "j",
                "_vs_type": "ClassifiedTextRun"
              },
              {
                "ClassificationTypeName": "punctuation",
                "Text": "?",
                "_vs_type": "ClassifiedTextRun"
              },
              {
                "ClassificationTypeName": "punctuation",
                "Text": ":",
                "_vs_type": "ClassifiedTextRun"
              },
              {
                "ClassificationTypeName": "whitespace",
                "Text": " ",
                "_vs_type": "ClassifiedTextRun"
              },
              {
                "ClassificationTypeName": "keyword",
                "Text": "number",
                "_vs_type": "ClassifiedTextRun"
              },
              {
                "ClassificationTypeName": "punctuation",
                "Text": ")",
                "_vs_type": "ClassifiedTextRun"
              },
              {
                "ClassificationTypeName": "punctuation",
                "Text": ": ",
                "_vs_type": "ClassifiedTextRun"
              },
              {
                "ClassificationTypeName": "keyword",
                "Text": "string",
                "_vs_type": "ClassifiedTextRun"
              }
            ],
            "_vs_type": "ClassifiedTextElement"
          }
        }
      ],
      "activeSignature": 0
    }
  },
  {
    "marker": {
      "Position": 56,
      "LSPosition": {
        "line": 5,
        "character": 6
      },
      "Name": "3",
      "Data": {}
    },
    "item": {
      "signatures": [
        {
          "label": "sub(self: string, i: number, j?: number): string",
          "parameters": [
            {
              "label": "self: string"
            },
            {
              "label": "i: number"
            },
            {
              "label": "j?: number"
            }
          ],
          "activeParameter": 0,
          "_vs_colorizedLabel": {
            "Runs": [
              {
                "ClassificationTypeName": "method name",
                "Text": "sub",
                "_vs_type": "ClassifiedTextRun"
              },
              {
                "ClassificationTypeName": "punctuation",
                "Text": "(",
                "_vs_type": "ClassifiedTextRun"
              },
              {
                "ClassificationTypeName": "parameter name",
                "Text": "self",
                "_vs_type": "ClassifiedTextRun"
              },
              {
                "ClassificationTypeName": "punctuation",
                "Text": ":",
                "_vs_type": "ClassifiedTextRun"
              },
              {
                "ClassificationTypeName": "whitespace",
                "Text": " ",
                "_vs_type": "ClassifiedTextRun"
              },
              {
                "ClassificationTypeName": "keyword",
                "Text": "string",
                "_vs_type": "ClassifiedTextRun"
              },
              {
                "ClassificationTypeName": "punctuation",
                "Text": ", ",
                "_vs_type": "ClassifiedTextRun"
              },
              {
                "ClassificationTypeName": "parameter name",
                "Text": "i",
                "_vs_type": "ClassifiedTextRun"
              },
              {
                "ClassificationTypeName": "punctuation",
                "Text": ":",
                "_vs_type": "ClassifiedTextRun"
              },
              {
                "ClassificationTypeName": "whitespace",
                "Text": " ",
                "_vs_type": "ClassifiedTextRun"
              },
              {
                "ClassificationTypeName": "keyword",
                "Text": "number",
                "_vs_type": "ClassifiedTextRun"
              },
              {
                "ClassificationTypeName": "punctuation",
                "Text": ", ",
                "_vs_type": "ClassifiedTextRun"
              },
              {
                "ClassificationTypeName": "parameter name",
                "Text": "j",
                "_vs_type": "ClassifiedTextRun"
              },
              {
                "ClassificationTypeName": "punctuation",
                "Text": "?",
                "_vs_type": "ClassifiedTextRun"
              },
              {
                "ClassificationTypeName": "punctuation",
                "Text": ":",
                "_vs_type": "ClassifiedTextRun"
              },
              {
                "ClassificationTypeName": "whitespace",
                "Text": " ",
                "_vs_type": "ClassifiedTextRun"
              },
              {
                "ClassificationTypeName": "keyword",
                "Text": "number",
                "_vs_type": "ClassifiedTextRun"
              },
              {
                "ClassificationTypeName": "punctuation",
                "Text": ")",
                "_vs_type": "ClassifiedTextRun"
              },
              {
                "ClassificationTypeName": "punctuation",
                "Text": ": ",
                "_vs_type": "ClassifiedTextRun"
              },
              {
                "ClassificationTypeName": "keyword",
                "Text": "string",
                "_vs_type": "ClassifiedTextRun"
              }
            ],
            "_vs_type": "ClassifiedTextElement"
          }
        }
      ],
      "activeSignature": 0
    }
  },
  {
    "marker": {
      "Position": 68,
      "LSPosition": {
        "line": 6,
        "character": 9
      },
      "Name": "4",
      "Data": {}
    },
    "item": {
      "signatures": [
        {
          "label": "sub(self: string, i: number, j?: number): string",
          "parameters": [
            {
              "label": "self: string"
            },
            {
              "label": "i: number"
            },
            {
              "label": "j?: number"
            }
          ],
          "activeParameter": 1,
          "_vs_colorizedLabel": {
            "Runs": [
              {
                "ClassificationTypeName": "method name",
                "Text": "sub",
                "_vs_type": "ClassifiedTextRun"
              },
              {
                "ClassificationTypeName": "punctuation",
                "Text": "(",
                "_vs_type": "ClassifiedTextRun"
              },
              {
                "ClassificationTypeName": "parameter name",
                "Text": "self",
                "_vs_type": "ClassifiedTextRun"
              },
              {
                "ClassificationTypeName": "punctuation",
                "Text": ":",
                "_vs_type": "ClassifiedTextRun"
              },
              {
                "ClassificationTypeName": "whitespace",
                "Text": " ",
                "_vs_type": "ClassifiedTextRun"
              },
              {
                "ClassificationTypeName": "keyword",
                "Text": "string",
                "_vs_type": "ClassifiedTextRun"
              },
              {
                "ClassificationTypeName": "punctuation",
                "Text": ", ",
                "_vs_type": "ClassifiedTextRun"
              },
              {
                "ClassificationTypeName": "parameter name",
                "Text": "i",
                "_vs_type": "ClassifiedTextRun"
              },
              {
                "ClassificationTypeName": "punctuation",
                "Text": ":",
                "_vs_type": "ClassifiedTextRun"
              },
              {
                "ClassificationTypeName": "whitespace",
                "Text": " ",
                "_vs_type": "ClassifiedTextRun"
              },
              {
                "ClassificationTypeName": "keyword",
                "Text": "number",
                "_vs_type": "ClassifiedTextRun"
              },
              {
                "ClassificationTypeName": "punctuation",
                "Text": ", ",
                "_vs_type": "ClassifiedTextRun"
              },
              {
                "ClassificationTypeName": "parameter name",
                "Text": "j",
                "_vs_type": "ClassifiedTextRun"
              },
              {
                "ClassificationTypeName": "punctuation",
                "Text": "?",
                "_vs_type": "ClassifiedTextRun"
              },
              {
                "ClassificationTypeName": "punctuation",
                "Text": ":",
                "_vs_type": "ClassifiedTextRun"
              },
              {
                "ClassificationTypeName": "whitespace",
                "Text": " ",
                "_vs_type": "ClassifiedTextRun"
              },
              {
                "ClassificationTypeName": "keyword",
                "Text": "number",
                "_vs_type": "ClassifiedTextRun"
              },
              {
                "ClassificationTypeName": "punctuation",
                "Text": ")",
                "_vs_type": "ClassifiedTextRun"
              },
              {
                "ClassificationTypeName": "punctuation",
                "Text": ": ",
                "_vs_type": "ClassifiedTextRun"
              },
              {
                "ClassificationTypeName": "keyword",
                "Text": "string",
                "_vs_type": "ClassifiedTextRun"
              }
            ],
            "_vs_type": "ClassifiedTextElement"
          }
        }
      ],
      "activeSignature": 0
    }
  },
  {
    "marker": {
      "Position": 83,
      "LSPosition": {
        "line": 7,
        "character": 12
      },
      "Name": "5",
      "Data": {}
    },
    "item": {
      "signatures": [
        {
          "label": "sub(self: string, i: number, j?: number): string",
          "parameters": [
            {
              "label": "self: string"
            },
            {
              "label": "i: number"
            },
            {
              "label": "j?: number"
            }
          ],
          "activeParameter": 2,
          "_vs_colorizedLabel": {
            "Runs": [
              {
                "ClassificationTypeName": "method name",
                "Text": "sub",
                "_vs_type": "ClassifiedTextRun"
              },
              {
                "ClassificationTypeName": "punctuation",
                "Text": "(",
                "_vs_type": "ClassifiedTextRun"
              },
              {
                "ClassificationTypeName": "parameter name",
                "Text": "self",
                "_vs_type": "ClassifiedTextRun"
              },
              {
                "ClassificationTypeName": "punctuation",
                "Text": ":",
                "_vs_type": "ClassifiedTextRun"
              },
              {
                "ClassificationTypeName": "whitespace",
                "Text": " ",
                "_vs_type": "ClassifiedTextRun"
              },
              {
                "ClassificationTypeName": "keyword",
                "Text": "string",
                "_vs_type": "ClassifiedTextRun"
              },
              {
                "ClassificationTypeName": "punctuation",
                "Text": ", ",
                "_vs_type": "ClassifiedTextRun"
              },
              {
                "ClassificationTypeName": "parameter name",
                "Text": "i",
                "_vs_type": "ClassifiedTextRun"
              },
              {
                "ClassificationTypeName": "punctuation",
                "Text": ":",
                "_vs_type": "ClassifiedTextRun"
              },
              {
                "ClassificationTypeName": "whitespace",
                "Text": " ",
                "_vs_type": "ClassifiedTextRun"
              },
              {
                "ClassificationTypeName": "keyword",
                "Text": "number",
                "_vs_type": "ClassifiedTextRun"
              },
              {
                "ClassificationTypeName": "punctuation",
                "Text": ", ",
                "_vs_type": "ClassifiedTextRun"
              },
              {
                "ClassificationTypeName": "parameter name",
                "Text": "j",
                "_vs_type": "ClassifiedTextRun"
              },
              {
                "ClassificationTypeName": "punctuation",
                "Text": "?",
                "_vs_type": "ClassifiedTextRun"
              },
              {
                "ClassificationTypeName": "punctuation",
                "Text": ":",
                "_vs_type": "ClassifiedTextRun"
              },
              {
                "ClassificationTypeName": "whitespace",
                "Text": " ",
                "_vs_type": "ClassifiedTextRun"
              },
              {
                "ClassificationTypeName": "keyword",
                "Text": "number",
                "_vs_type": "ClassifiedTextRun"
              },
              {
                "ClassificationTypeName": "punctuation",
                "Text": ")",
                "_vs_type": "ClassifiedTextRun"
              },
              {
                "ClassificationTypeName": "punctuation",
                "Text": ": ",
                "_vs_type": "ClassifiedTextRun"
              },
              {
                "ClassificationTypeName": "keyword",
                "Text": "string",
                "_vs_type": "ClassifiedTextRun"
              }
            ],
            "_vs_type": "ClassifiedTextElement"
          }
        }
      ],
      "activeSignature": 0
    }
  },
  {
    "marker": {
      "Position": 115,
      "LSPosition": {
        "line": 11,
        "character": 7
      },
      "Name": "6",
      "Data": {}
    },
    "item": {
      "signatures": [
        {
          "label": "seek(whence?: \"set\" | \"cur\" | \"end\", offset?: number): number | nil, (string | nil)?",
          "parameters": [
            {
              "label": "whence?: \"set\" | \"cur\" | \"end\""
            },
            {
              "label": "offset?: number"
            }
          ],
          "activeParameter": 0,
          "_vs_colorizedLabel": {
            "Runs": [
              {
                "ClassificationTypeName": "method name",
                "Text": "seek",
                "_vs_type": "ClassifiedTextRun"
              },
              {
                "ClassificationTypeName": "punctuation",
                "Text": "(",
                "_vs_type": "ClassifiedTextRun"
              },
              {
                "ClassificationTypeName": "parameter name",
                "Text": "whence",
                "_vs_type": "ClassifiedTextRun"
              },
              {
                "ClassificationTypeName": "punctuation",
                "Text": "?",
                "_vs_type": "ClassifiedTextRun"
              },
              {
                "ClassificationTypeName": "punctuation",
                "Text": ":",
                "_vs_type": "ClassifiedTextRun"
              },
              {
                "ClassificationTypeName": "whitespace",
                "Text": " ",
                "_vs_type": "ClassifiedTextRun"
              },
              {
                "ClassificationTypeName": "string",
                "Text": "\"set\"",
                "_vs_type": "ClassifiedTextRun"
              },
              {
                "ClassificationTypeName": "whitespace",
                "Text": " ",
                "_vs_type": "ClassifiedTextRun"
              },
              {
                "ClassificationTypeName": "punctuation",
                "Text": "|",
                "_vs_type": "ClassifiedTextRun"
              },
              {
                "ClassificationTypeName": "whitespace",
                "Text": " ",
                "_vs_type": "ClassifiedTextRun"
              },
              {
                "ClassificationTypeName": "string",
                "Text": "\"cur\"",
                "_vs_type": "ClassifiedTextRun"
              },
              {
                "ClassificationTypeName": "whitespace",
                "Text": " ",
                "_vs_type": "ClassifiedTextRun"
              },
              {
                "ClassificationTypeName": "punctuation",
                "Text": "|",
                "_vs_type": "ClassifiedTextRun"
              },
              {
                "ClassificationTypeName": "whitespace",
                "Text": " ",
                "_vs_type": "ClassifiedTextRun"
              },
              {
                "ClassificationTypeName": "string",
                "Text": "\"end\"",
                "_vs_type": "ClassifiedTextRun"
              },
              {
                "ClassificationTypeName": "punctuation",
                "Text": ", ",
                "_vs_type": "ClassifiedTextRun"
              },
              {
                "ClassificationTypeName": "parameter name",
                "Text": "offset",
                "_vs_type": "ClassifiedTextRun"
              },
              {
                "ClassificationTypeName": "punctuation",
                "Text": "?",
                "_vs_type": "ClassifiedTextRun"
              },
              {
                "ClassificationTypeName": "punctuation",
                "Text": ":",
                "_vs_type": "ClassifiedTextRun"
              },
              {
                "ClassificationTypeName": "whitespace",
                "Text": " ",
                "_vs_type": "ClassifiedTextRun"
              },
              {
                "ClassificationTypeName": "keyword",
                "Text": "number",
                "_vs_type": "ClassifiedTextRun"
              },
              {
                "ClassificationTypeName": "punctuation",
                "Text": ")",
                "_vs_type": "ClassifiedTextRun"
              },
              {
                "ClassificationTypeName": "punctuation",
                "Text": ": ",
                "_vs_type": "ClassifiedTextRun"
              },
              {
                "ClassificationTypeName": "keyword",
                "Text": "number",
                "_vs_type": "ClassifiedTextRun"
              },
              {
                "ClassificationTypeName": "whitespace",
                "Text": " ",
                "_vs_type": "ClassifiedTextRun"
              },
              {
                "ClassificationTypeName": "punctuation",
                "Text": "|",
                "_vs_type": "ClassifiedTextRun"
              },
              {
                "ClassificationTypeName": "whitespace",
                "Text": " ",
                "_vs_type": "ClassifiedTextRun"
              },
              {
                "ClassificationTypeName": "keyword",
                "Text": "nil",
                "_vs_type": "ClassifiedTextRun"
              },
              {
                "ClassificationTypeName": "punctuation",
                "Text": ",",
                "_vs_type": "ClassifiedTextRun"
              },
              {
                "ClassificationTypeName": "whitespace",
                "Text": " ",
                "_vs_type": "ClassifiedTextRun"
              },
              {
                "ClassificationTypeName": "punctuation",
                "Text": "(",
                "_vs_type": "ClassifiedTextRun"
              },
              {
                "ClassificationTypeName": "keyword",
                "Text": "string",
                "_vs_type": "ClassifiedTextRun"
              },
              {
                "ClassificationTypeName": "whitespace",
                "Text": " ",
                "_vs_type": "ClassifiedTextRun"
              },
              {
                "ClassificationTypeName": "punctuation",
                "Text": "|",
                "_vs_type": "ClassifiedTextRun"
              },
              {
                "ClassificationTypeName": "whitespace",
                "Text": " ",
                "_vs_type": "ClassifiedTextRun"
              },
              {
                "ClassificationTypeName": "keyword",
                "Text": "nil",
                "_vs_type": "ClassifiedTextRun"
              },
              {
                "ClassificationTypeName": "punctuation",
                "Text": ")",
                "_vs_type": "ClassifiedTextRun"
              },
              {
                "ClassificationTypeName": "punctuation",
                "Text": "?",
                "_vs_type": "ClassifiedTextRun"
              }
            ],
            "_vs_type": "ClassifiedTextElement"
          }
        }
      ],
      "activeSignature": 0
    }
  },
  {
    "marker": {
      "Position": 132,
      "LSPosition": {
        "line": 12,
        "character": 14
      },
      "Name": "7",
      "Data": {}
    },
    "item": {
      "signatures": [
        {
          "label": "seek(whence?: \"set\" | \"cur\" | \"end\", offset?: number): number | nil, (string | nil)?",
          "parameters": [
            {
              "label": "whence?: \"set\" | \"cur\" | \"end\""
            },
            {
              "label": "offset?: number"
            }
          ],
          "activeParameter": 1,
          "_vs_colorizedLabel": {
            "Runs": [
              {
                "ClassificationTypeName": "method name",
                "Text": "seek",
                "_vs_type": "ClassifiedTextRun"
              },
              {
                "ClassificationTypeName": "punctuation",
                "Text": "(",
                "_vs_type": "ClassifiedTextRun"
              },
              {
                "ClassificationTypeName": "parameter name",
                "Text": "whence",
                "_vs_type": "ClassifiedTextRun"
              },
              {
                "ClassificationTypeName": "punctuation",
                "Text": "?",
                "_vs_type": "ClassifiedTextRun"
              },
              {
                "ClassificationTypeName": "punctuation",
                "Text": ":",
                "_vs_type": "ClassifiedTextRun"
              },
              {
                "ClassificationTypeName": "whitespace",
                "Text": " ",
                "_vs_type": "ClassifiedTextRun"
              },
              {
                "ClassificationTypeName": "string",
                "Text": "\"set\"",
                "_vs_type": "ClassifiedTextRun"
              },
              {
                "ClassificationTypeName": "whitespace",
                "Text": " ",
                "_vs_type": "ClassifiedTextRun"
              },
              {
                "ClassificationTypeName": "punctuation",
                "Text": "|",
                "_vs_type": "ClassifiedTextRun"
              },
              {
                "ClassificationTypeName": "whitespace",
                "Text": " ",
                "_vs_type": "ClassifiedTextRun"
              },
              {
                "ClassificationTypeName": "string",
                "Text": "\"cur\"",
                "_vs_type": "ClassifiedTextRun"
              },
              {
                "ClassificationTypeName": "whitespace",
                "Text": " ",
                "_vs_type": "ClassifiedTextRun"
              },
              {
                "ClassificationTypeName": "punctuation",
                "Text": "|",
                "_vs_type": "ClassifiedTextRun"
              },
              {
                "ClassificationTypeName": "whitespace",
                "Text": " ",
                "_vs_type": "ClassifiedTextRun"
              },
              {
                "ClassificationTypeName": "string",
                "Text": "\"end\"",
                "_vs_type": "ClassifiedTextRun"
              },
              {
                "ClassificationTypeName": "punctuation",
                "Text": ", ",
                "_vs_type": "ClassifiedTextRun"
              },
              {
                "ClassificationTypeName": "parameter name",
                "Text": "offset",
                "_vs_type": "ClassifiedTextRun"
              },
              {
                "ClassificationTypeName": "punctuation",
                "Text": "?",
                "_vs_type": "ClassifiedTextRun"
              },
              {
                "ClassificationTypeName": "punctuation",
                "Text": ":",
                "_vs_type": "ClassifiedTextRun"
              },
              {
                "ClassificationTypeName": "whitespace",
                "Text": " ",
                "_vs_type": "ClassifiedTextRun"
              },
              {
                "ClassificationTypeName": "keyword",
                "Text": "number",
                "_vs_type": "ClassifiedTextRun"
              },
              {
                "ClassificationTypeName": "punctuation",
                "Text": ")",
                "_vs_type": "ClassifiedTextRun"
              },
              {
                "ClassificationTypeName": "punctuation",
                "Text": ": ",
                "_vs_type": "ClassifiedTextRun"
              },
              {
                "ClassificationTypeName": "keyword",
                "Text": "number",
                "_vs_type": "ClassifiedTextRun"
              },
              {
                "ClassificationTypeName": "whitespace",
                "Text": " ",
                "_vs_type": "ClassifiedTextRun"
              },
              {
                "ClassificationTypeName": "punctuation",
                "Text": "|",
                "_vs_type": "ClassifiedTextRun"
              },
              {
                "ClassificationTypeName": "whitespace",
                "Text": " ",
                "_vs_type": "ClassifiedTextRun"
              },
              {
                "ClassificationTypeName": "keyword",
                "Text": "nil",
                "_vs_type": "ClassifiedTextRun"
              },
              {
                "ClassificationTypeName": "punctuation",
                "Text": ",",
                "_vs_type": "ClassifiedTextRun"
              },
              {
                "ClassificationTypeName": "whitespace",
                "Text": " ",
                "_vs_type": "ClassifiedTextRun"
              },
              {
                "ClassificationTypeName": "punctuation",
                "Text": "(",
                "_vs_type": "ClassifiedTextRun"
              },
              {
                "ClassificationTypeName": "keyword",
                "Text": "string",
                "_vs_type": "ClassifiedTextRun"
              },
              {
                "ClassificationTypeName": "whitespace",
                "Text": " ",
                "_vs_type": "ClassifiedTextRun"
              },
              {
                "ClassificationTypeName": "punctuation",
                "Text": "|",
                "_vs_type": "ClassifiedTextRun"
              },
              {
                "ClassificationTypeName": "whitespace",
                "Text": " ",
                "_vs_type": "ClassifiedTextRun"
              },
              {
                "ClassificationTypeName": "keyword",
                "Text": "nil",
                "_vs_type": "ClassifiedTextRun"
              },
              {
                "ClassificationTypeName": "punctuation",
                "Text": ")",
                "_vs_type": "ClassifiedTextRun"
              },
              {
                "ClassificationTypeName": "punctuation",
                "Text": "?",
                "_vs_type": "ClassifiedTextRun"
              }
            ],
            "_vs_type": "ClassifiedTextElement"
          }
        }
      ],
      "activeSignature": 0
    }
  }
]