// === SignatureHelp ===
=== /signatureHelpAfterParameter.tlua ===
// type Type = (a, b, c) => void
// local a: Type = function (a, b) end
//                            ^
// | ----------------------------------------------------------------------
// | Type(**a: any**, b: any, c: any): void
// | ----------------------------------------------------------------------
//                               ^
// | ----------------------------------------------------------------------
// | Type(a: any, **b: any**, c: any): void
// | ----------------------------------------------------------------------
// local b: Type = function (a, b) end
//                            ^
// | ----------------------------------------------------------------------
// | Type(**a: any**, b: any, c: any): void
// | ----------------------------------------------------------------------
//                               ^
// | ----------------------------------------------------------------------
// | Type(a: any, **b: any**, c: any): void
// | ----------------------------------------------------------------------
// local c: Type = function ({ a: { b }} = { }, [b], ...c) end
//                             ^
// | ----------------------------------------------------------------------
// | Type(**a: any**, b: any, c: any): void
// | ----------------------------------------------------------------------
//                                   ^
// | ----------------------------------------------------------------------
// | Type(**a: any**, b: any, c: any): void
// | ----------------------------------------------------------------------
//                                      ^
// | ----------------------------------------------------------------------
// | Type(**a: any**, b: any, c: any): void
// | ----------------------------------------------------------------------
//                                            ^
// | ----------------------------------------------------------------------
// | Type(**a: any**, b: any, c: any): void
// | ----------------------------------------------------------------------
//                                                ^
// | ----------------------------------------------------------------------
// | Type(a: any, b: any, **c: any**): void
// | ----------------------------------------------------------------------
//                                                 ^
// | ----------------------------------------------------------------------
// | No signaturehelp at /*10*/.
// | ----------------------------------------------------------------------
//                                                      ^
// | ----------------------------------------------------------------------
// | No signaturehelp at /*11*/.
// | ----------------------------------------------------------------------
//                                                       ^
// | ----------------------------------------------------------------------
// | No signaturehelp at /*12*/.
// | ----------------------------------------------------------------------
[
  {
    "marker": {
      "Position": 57,
      "LSPosition": {
        "line": 1,
        "character": 27
      },
      "Name": "1",
      "Data": {}
    },
    "item": {
      "signatures": [
        {
          "label": "Type(a: any, b: any, c: any): void",
          "parameters": [
            {
              "label": "a: any"
            },
            {
              "label": "b: any"
            },
            {
              "label": "c: any"
            }
          ],
          "activeParameter": 0
        }
      ],
      "activeSignature": 0
    }
  },
  {
    "marker": {
      "Position": 60,
      "LSPosition": {
        "line": 1,
        "character": 30
      },
      "Name": "2",
      "Data": {}
    },
    "item": {
      "signatures": [
        {
          "label": "Type(a: any, b: any, c: any): void",
          "parameters": [
            {
              "label": "a: any"
            },
            {
              "label": "b: any"
            },
            {
              "label": "c: any"
            }
          ],
          "activeParameter": 1
        }
      ],
      "activeSignature": 0
    }
  },
  {
    "marker": {
      "Position": 93,
      "LSPosition": {
        "line": 2,
        "character": 27
      },
      "Name": "3",
      "Data": {}
    },
    "item": {
      "signatures": [
        {
          "label": "Type(a: any, b: any, c: any): void",
          "parameters": [
            {
              "label": "a: any"
            },
            {
              "label": "b: any"
            },
            {
              "label": "c: any"
            }
          ],
          "activeParameter": 0
        }
      ],
      "activeSignature": 0
    }
  },
  {
    "marker": {
      "Position": 96,
      "LSPosition": {
        "line": 2,
        "character": 30
      },
      "Name": "4",
      "Data": {}
    },
    "item": {
      "signatures": [
        {
          "label": "Type(a: any, b: any, c: any): void",
          "parameters": [
            {
              "label": "a: any"
            },
            {
              "label": "b: any"
            },
            {
              "label": "c: any"
            }
          ],
          "activeParameter": 1
        }
      ],
      "activeSignature": 0
    }
  },
  {
    "marker": {
      "Position": 130,
      "LSPosition": {
        "line": 3,
        "character": 28
      },
      "Name": "5",
      "Data": {}
    },
    "item": {
      "signatures": [
        {
          "label": "Type(a: any, b: any, c: any): void",
          "parameters": [
            {
              "label": "a: any"
            },
            {
              "label": "b: any"
            },
            {
              "label": "c: any"
            }
          ],
          "activeParameter": 0
        }
      ],
      "activeSignature": 0
    }
  },
  {
    "marker": {
      "Position": 136,
      "LSPosition": {
        "line": 3,
        "character": 34
      },
      "Name": "6",
      "Data": {}
    },
    "item": {
      "signatures": [
        {
          "label": "Type(a: any, b: any, c: any): void",
          "parameters": [
            {
              "label": "a: any"
            },
            {
              "label": "b: any"
            },
            {
              "label": "c: any"
            }
          ],
          "activeParameter": 0
        }
      ],
      "activeSignature": 0
    }
  },
  {
    "marker": {
      "Position": 139,
      "LSPosition": {
        "line": 3,
        "character": 37
      },
      "Name": "7",
      "Data": {}
    },
    "item": {
      "signatures": [
        {
          "label": "Type(a: any, b: any, c: any): void",
          "parameters": [
            {
              "label": "a: any"
            },
            {
              "label": "b: any"
            },
            {
              "label": "c: any"
            }
          ],
          "activeParameter": 0
        }
      ],
      "activeSignature": 0
    }
  },
  {
    "marker": {
      "Position": 145,
      "LSPosition": {
        "line": 3,
        "character": 43
      },
      "Name": "8",
      "Data": {}
    },
    "item": {
      "signatures": [
        {
          "label": "Type(a: any, b: any, c: any): void",
          "parameters": [
            {
              "label": "a: any"
            },
            {
              "label": "b: any"
            },
            {
              "label": "c: any"
            }
          ],
          "activeParameter": 0
        }
      ],
      "activeSignature": 0
    }
  },
  {
    "marker": {
      "Position": 149,
      "LSPosition": {
        "line": 3,
        "character": 47
      },
      "Name": "9",
      "Data": {}
    },
    "item": {
      "signatures": [
        {
          "label": "Type(a: any, b: any, c: any): void",
          "parameters": [
            {
              "label": "a: any"
            },
            {
              "label": "b: any"
            },
            {
              "label": "c: any"
            }
          ],
          "activeParameter": 2
        }
      ],
      "activeSignature": 0
    }
  },
  {
    "marker": {
      "Position": 150,
      "LSPosition": {
        "line": 3,
        "character": 48
      },
      "Name": "10",
      "Data": {}
    },
    "item": null
  },
  {
    "marker": {
      "Position": 155,
      "LSPosition": {
        "line": 3,
        "character": 53
      },
      "Name": "11",
      "Data": {}
    },
    "item": null
  },
  {
    "marker": {
      "Position": 156,
      "LSPosition": {
        "line": 3,
        "character": 54
      },
      "Name": "12",
      "Data": {}
    },
    "item": null
  }
]