// === SignatureHelp ===
=== /signatureHelpCommentsFunctionExpression.tlua ===
// /** lambdaFoo local comment*/
// local lambdaFoo = /** this is lambda comment*/ function(/**param a*/a: number, /**param b*/b: number) return a + b end;
// local lambddaNoVarComment = /** this is lambda multiplication*/ function(/**param a*/a: number, /**param b*/b: number) return a * b end;
// lambdaFoo(10, 20);
//           ^
// | ----------------------------------------------------------------------
// | lambdaFoo(**a: number**, b: number): number
// | - `a: number`: param a
// | this is lambda comment
// | ----------------------------------------------------------------------
//               ^
// | ----------------------------------------------------------------------
// | lambdaFoo(a: number, **b: number**): number
// | - `b: number`: param b
// | this is lambda comment
// | ----------------------------------------------------------------------
// function anotherFunc(a: number)
//     /** documentation
//         @param b {string} inner parameter */
//     local lambdaVar = /** inner docs */function(b: string)
//         local localVar = "Hello ";
//         return localVar + b;
//     end
//     return lambdaVar("World") + a;
// end
// /**
//  * On variable
//  * @param s the first parameter!
//  * @returns the parameter's length
//  */
// local assigned = /**
//                 * Summary on expression
//                 * @param s param on expression
//                 * @returns return on expression
//                 */function(/** On parameter */s: string)
//   return s.length;
// end
// assigned("hey");
//          ^
// | ----------------------------------------------------------------------
// | assigned(**s: string**): number
// | - `s: string`: On parameter
// | Summary on expression
// | ----------------------------------------------------------------------
[
  {
    "marker": {
      "Position": 297,
      "LSPosition": {
        "line": 3,
        "character": 10
      },
      "Name": "5",
      "Data": {}
    },
    "item": {
      "signatures": [
        {
          "label": "lambdaFoo(a: number, b: number): number",
          "documentation": {
            "kind": "markdown",
            "value": "this is lambda comment"
          },
          "parameters": [
            {
              "label": "a: number",
              "documentation": {
                "kind": "markdown",
                "value": "param a"
              }
            },
            {
              "label": "b: number",
              "documentation": {
                "kind": "markdown",
                "value": "param b"
              }
            }
          ],
          "activeParameter": 0
        }
      ],
      "activeSignature": 0
    }
  },
  {
    "marker": {
      "Position": 301,
      "LSPosition": {
        "line": 3,
        "character": 14
      },
      "Name": "6",
      "Data": {}
    },
    "item": {
      "signatures": [
        {
          "label": "lambdaFoo(a: number, b: number): number",
          "documentation": {
            "kind": "markdown",
            "value": "this is lambda comment"
          },
          "parameters": [
            {
              "label": "a: number",
              "documentation": {
                "kind": "markdown",
                "value": "param a"
              }
            },
            {
              "label": "b: number",
              "documentation": {
                "kind": "markdown",
                "value": "param b"
              }
            }
          ],
          "activeParameter": 1
        }
      ],
      "activeSignature": 0
    }
  },
  {
    "marker": {
      "Position": 911,
      "LSPosition": {
        "line": 25,
        "character": 9
      },
      "Name": "18",
      "Data": {}
    },
    "item": {
      "signatures": [
        {
          "label": "assigned(s: string): number",
          "documentation": {
            "kind": "markdown",
            "value": "Summary on expression"
          },
          "parameters": [
            {
              "label": "s: string",
              "documentation": {
                "kind": "markdown",
                "value": "On parameter"
              }
            }
          ],
          "activeParameter": 0
        }
      ],
      "activeSignature": 0
    }
  }
]