// === Smart Selection ===
/**
 * @typedef {object} Foo
 * @property {string} a
 * @property {number} b
 * @property {/**/number} c
 */

/** @type {Foo} */
local foo;


             {number} c↲
•  ↲

   @property {number} c↲
•  ↲

   @typedef {object} Foo
 * @property {string} a
 * @property {number} b
 * @property {number} c↲
•  ↲

/**
 * @typedef {object} Foo
 * @property {string} a
 * @property {number} b
 * @property {number} c
 */↲

/**
 * @typedef {object} Foo
 * @property {string} a
 * @property {number} b
 * @property {number} c
 */
/** @type {Foo} */
local foo;