// === Smart Selection ===
// Not a JSDoc comment
/**
 * @param {number} x The number to square
 */
function /**/square(x)
  return x * x;
end

         square   ↲

function square(x)
  return x * x;
end

// Not a JSDoc comment
/**
 * @param {number} x The number to square
 */
function square(x)
  return x * x;
end