// === Smart Selection ===
/**
 * @returns {Array<{ value: /**/string }>}
 */
function foo() return [] end

                            string    ↲
                     value: string    ↲
                   { value: string }  ↲
             Array<{ value: string }> ↲

   @returns {Array<{ value: string }>}↲
•  ↲

/**
 * @returns {Array<{ value: string }>}
 */↲

/**
 * @returns {Array<{ value: string }>}
 */
function foo() return [] end