// === Smart Selection ===
/**
 * @this {/**/Foo}
 * @param {*} e
 */
function callback(e) end

          Foo ↲

   @this {Foo}
 *•            ↲

   @this {Foo}
 * @param {*} e↲
•  ↲

/**
 * @this {Foo}
 * @param {*} e
 */↲

/**
 * @this {Foo}
 * @param {*} e
 */
function callback(e) end

================================================================================

/**
 * @this {Foo}
 * @param {/**/*} e
 */
function callback(e) end

           *   ↲

   @param {*} e↲
•  ↲

   @this {Foo}
 * @param {*} e↲
•  ↲

/**
 * @this {Foo}
 * @param {*} e
 */↲

/**
 * @this {Foo}
 * @param {*} e
 */
function callback(e) end