// === QuickInfo ===
=== /script.tlua ===
// /**
//  * {@link C}
//  * @wat Makes a {@link C}. A default one.
//  * {@link C()}
//  * {@link C|postfix text}
//  * {@link unformatted postfix text}
//  * @see {@link C} its great
//  */
// function CC() {
//          ^^
// | ----------------------------------------------------------------------
// | ```typescript
// | function CC(): void
// | ```
// | C
// | 
// | *@wat* — Makes a C. A default one.
// | C ()
// | C |postfix text
// | unformatted postfix text
// | 
// | *@see* — C its great
// | ----------------------------------------------------------------------
// }
[
  {
    "marker": {
      "Position": 177,
      "LSPosition": {
        "line": 8,
        "character": 9
      },
      "Name": "",
      "Data": {}
    },
    "item": {
      "contents": {
        "kind": "markdown",
        "value": "```typescript\nfunction CC(): void\n```\nC\n\n*@wat* — Makes a C. A default one.\nC ()\nC |postfix text\nunformatted postfix text\n\n*@see* — C its great"
      },
      "range": {
        "start": {
          "line": 8,
          "character": 9
        },
        "end": {
          "line": 8,
          "character": 11
        }
      }
    }
  }
]