// === QuickInfo ===
=== /jsdocLink5.tlua ===
// function g() end
// /**
//  * {@link g()} {@link g() } {@link g ()} {@link g () 0} {@link g()1} {@link g() 2}
//  * {@link u()} {@link u() } {@link u ()} {@link u () 0} {@link u()1} {@link u() 2}
//  */
// function f(x) end
// f()
// ^
// | ----------------------------------------------------------------------
// | ```tlua
// | function f(x: any): void
// | ```
// | [g()](file:///jsdocLink5.tlua#1,10-1,11) [g()](file:///jsdocLink5.tlua#1,10-1,11) [g()](file:///jsdocLink5.tlua#1,10-1,11) [0](file:///jsdocLink5.tlua#1,10-1,11) [1](file:///jsdocLink5.tlua#1,10-1,11) [2](file:///jsdocLink5.tlua#1,10-1,11)
// | u () u () u () u () 0 u ()1 u () 2
// | ----------------------------------------------------------------------
[
  {
    "marker": {
      "Position": 210,
      "LSPosition": {
        "line": 6,
        "character": 1
      },
      "Name": "3",
      "Data": {}
    },
    "item": {
      "contents": {
        "kind": "markdown",
        "value": "```tlua\nfunction f(x: any): void\n```\n[g()](file:///jsdocLink5.tlua#1,10-1,11) [g()](file:///jsdocLink5.tlua#1,10-1,11) [g()](file:///jsdocLink5.tlua#1,10-1,11) [0](file:///jsdocLink5.tlua#1,10-1,11) [1](file:///jsdocLink5.tlua#1,10-1,11) [2](file:///jsdocLink5.tlua#1,10-1,11)\nu () u () u () u () 0 u ()1 u () 2"
      },
      "range": {
        "start": {
          "line": 6,
          "character": 0
        },
        "end": {
          "line": 6,
          "character": 1
        }
      }
    }
  }
]