// === QuickInfo ===
=== /jsdocLink4.tlua ===
// declare class I {
//   /** {@link I} */
//   bar(): void
//   ^^^
// | ----------------------------------------------------------------------
// | ```tlua
// | any
// | ```
// | 
// | ----------------------------------------------------------------------
// }
// /** {@link I} */
// local n = 1
//       ^
// | ----------------------------------------------------------------------
// | ```tlua
// | local n: number
// | ```
// | I
// | ----------------------------------------------------------------------
// /**
//  * A real, very serious {@link I to an interface}. Right there.
//  * @param x one {@link Pos here too}
//  */
// function f(x) {
// }
// f()
// ^
// | ----------------------------------------------------------------------
// | ```tlua
// | function f(x: any): void
// | ```
// | A real, very serious I to an interface. Right there.
// | 
// | *@param* `x` — one [here too](file:///jsdocLink4.tlua#14,6-14,9)
// | ----------------------------------------------------------------------
// type Pos = [number, number]
[
  {
    "marker": {
      "Position": 42,
      "LSPosition": {
        "line": 2,
        "character": 5
      },
      "Name": "1",
      "Data": {}
    },
    "item": {
      "contents": {
        "kind": "markdown",
        "value": "```tlua\nany\n```\n"
      },
      "range": {
        "start": {
          "line": 2,
          "character": 2
        },
        "end": {
          "line": 2,
          "character": 5
        }
      }
    }
  },
  {
    "marker": {
      "Position": 77,
      "LSPosition": {
        "line": 5,
        "character": 7
      },
      "Name": "2",
      "Data": {}
    },
    "item": {
      "contents": {
        "kind": "markdown",
        "value": "```tlua\nlocal n: number\n```\nI"
      },
      "range": {
        "start": {
          "line": 5,
          "character": 6
        },
        "end": {
          "line": 5,
          "character": 7
        }
      }
    }
  },
  {
    "marker": {
      "Position": 210,
      "LSPosition": {
        "line": 12,
        "character": 1
      },
      "Name": "3",
      "Data": {}
    },
    "item": {
      "contents": {
        "kind": "markdown",
        "value": "```tlua\nfunction f(x: any): void\n```\nA real, very serious I to an interface. Right there.\n\n*@param* `x` — one [here too](file:///jsdocLink4.tlua#14,6-14,9)"
      },
      "range": {
        "start": {
          "line": 12,
          "character": 0
        },
        "end": {
          "line": 12,
          "character": 1
        }
      }
    }
  }
]