// === QuickInfo ===
=== /quickinfoVerbosityConstMergedWithNamespace.tlua ===
// 
// declare function create(x: string): number;
//                  ^^^^^^
// | ----------------------------------------------------------------------
// | ```tlua
// | function create(x: string): number
// | ```
// | 
// | (verbosity level: 1)
// | ----------------------------------------------------------------------
//                  ^^^^^^
// | ----------------------------------------------------------------------
// | ```tlua
// | function create(x: string): number
// | ```
// | 
// | (verbosity level: 0)
// | ----------------------------------------------------------------------
// declare namespace create {
//                   ^^^^^^
// | ----------------------------------------------------------------------
// | ```tlua
// | function create(x: string): number
// | ```
// | 
// | (verbosity level: 1)
// | ----------------------------------------------------------------------
//                   ^^^^^^
// | ----------------------------------------------------------------------
// | ```tlua
// | function create(x: string): number
// | ```
// | 
// | (verbosity level: 0)
// | ----------------------------------------------------------------------
//     local version: string;
//     function reset(): void;
// }
// 
[
  {
    "marker": {
      "Position": 24,
      "LSPosition": {
        "line": 1,
        "character": 23
      },
      "Name": "1",
      "Data": {}
    },
    "item": {
      "hover": {
        "contents": {
          "kind": "markdown",
          "value": "```tlua\nfunction create(x: string): number\n```\n"
        },
        "range": {
          "start": {
            "line": 1,
            "character": 17
          },
          "end": {
            "line": 1,
            "character": 23
          }
        }
      },
      "verbosityLevel": 0
    }
  },
  {
    "marker": {
      "Position": 24,
      "LSPosition": {
        "line": 1,
        "character": 23
      },
      "Name": "1",
      "Data": {}
    },
    "item": {
      "hover": {
        "contents": {
          "kind": "markdown",
          "value": "```tlua\nfunction create(x: string): number\n```\n"
        },
        "range": {
          "start": {
            "line": 1,
            "character": 17
          },
          "end": {
            "line": 1,
            "character": 23
          }
        }
      },
      "verbosityLevel": 1
    }
  },
  {
    "marker": {
      "Position": 69,
      "LSPosition": {
        "line": 2,
        "character": 24
      },
      "Name": "2",
      "Data": {}
    },
    "item": {
      "hover": {
        "contents": {
          "kind": "markdown",
          "value": "```tlua\nfunction create(x: string): number\n```\n"
        },
        "range": {
          "start": {
            "line": 2,
            "character": 18
          },
          "end": {
            "line": 2,
            "character": 24
          }
        }
      },
      "verbosityLevel": 0
    }
  },
  {
    "marker": {
      "Position": 69,
      "LSPosition": {
        "line": 2,
        "character": 24
      },
      "Name": "2",
      "Data": {}
    },
    "item": {
      "hover": {
        "contents": {
          "kind": "markdown",
          "value": "```tlua\nfunction create(x: string): number\n```\n"
        },
        "range": {
          "start": {
            "line": 2,
            "character": 18
          },
          "end": {
            "line": 2,
            "character": 24
          }
        }
      },
      "verbosityLevel": 1
    }
  }
]