// === QuickInfo ===
=== /quickinfoVerbosityMappedType.tlua ===
// type Apple = boolean | number;
// type Orange = string | boolean;
// type F<T> = {
// 	[K in keyof T as T[K] extends Apple ? never : K]: T[K];
// }
// type Bar = {
// 	banana: string;
// 	apple: boolean;
// }
// local x: F<Bar> = { banana: 'hello' };
//       ^
// | ----------------------------------------------------------------------
// | ```tlua
// | local x: {
// |     banana: string;
// | }
// | ```
// | 
// | (verbosity level: 1)
// | ----------------------------------------------------------------------
//       ^
// | ----------------------------------------------------------------------
// | ```tlua
// | local x: F<Bar>
// | ```
// | 
// | (verbosity level: 0)
// | ----------------------------------------------------------------------
//          ^
// | ----------------------------------------------------------------------
// | ```tlua
// | type F<T> = { [K in keyof T as T[K] extends number | boolean ? never : K]: T[K]; }
// | ```
// | 
// | (verbosity level: 1)
// | ----------------------------------------------------------------------
//          ^
// | ----------------------------------------------------------------------
// | ```tlua
// | type F<T> = { [K in keyof T as T[K] extends Apple ? never : K]: T[K]; }
// | ```
// | 
// | (verbosity level: 0)
// | ----------------------------------------------------------------------
// local y: { [K in keyof Bar]?: Bar[K] } = { banana: 'hello' };
//       ^
// | ----------------------------------------------------------------------
// | ```tlua
// | local y: {
// |     banana?: string | nil;
// |     apple?: boolean | nil;
// | }
// | ```
// | 
// | (verbosity level: 0)
// | ----------------------------------------------------------------------
// type G<T> = {
// 	[K in keyof T]: T[K] & Apple
// };
// local z: G<Bar> = { banana: 'hello', apple: true };
//          ^
// | ----------------------------------------------------------------------
// | ```tlua
// | type G<T> = { [K in keyof T]: T[K] & (number | boolean); }
// | ```
// | 
// | (verbosity level: 1)
// | ----------------------------------------------------------------------
//          ^
// | ----------------------------------------------------------------------
// | ```tlua
// | type G<T> = { [K in keyof T]: T[K] & Apple; }
// | ```
// | 
// | (verbosity level: 0)
// | ----------------------------------------------------------------------
[
  {
    "marker": {
      "Position": 192,
      "LSPosition": {
        "line": 9,
        "character": 7
      },
      "Name": "x",
      "Data": {}
    },
    "item": {
      "hover": {
        "contents": {
          "kind": "markdown",
          "value": "```tlua\nlocal x: F<Bar>\n```\n"
        },
        "range": {
          "start": {
            "line": 9,
            "character": 6
          },
          "end": {
            "line": 9,
            "character": 7
          }
        },
        "canIncreaseVerbosity": true
      },
      "verbosityLevel": 0
    }
  },
  {
    "marker": {
      "Position": 192,
      "LSPosition": {
        "line": 9,
        "character": 7
      },
      "Name": "x",
      "Data": {}
    },
    "item": {
      "hover": {
        "contents": {
          "kind": "markdown",
          "value": "```tlua\nlocal x: {\n    banana: string;\n}\n```\n"
        },
        "range": {
          "start": {
            "line": 9,
            "character": 6
          },
          "end": {
            "line": 9,
            "character": 7
          }
        }
      },
      "verbosityLevel": 1
    }
  },
  {
    "marker": {
      "Position": 195,
      "LSPosition": {
        "line": 9,
        "character": 10
      },
      "Name": "F",
      "Data": {}
    },
    "item": {
      "hover": {
        "contents": {
          "kind": "markdown",
          "value": "```tlua\ntype F<T> = { [K in keyof T as T[K] extends Apple ? never : K]: T[K]; }\n```\n"
        },
        "range": {
          "start": {
            "line": 9,
            "character": 9
          },
          "end": {
            "line": 9,
            "character": 10
          }
        },
        "canIncreaseVerbosity": true
      },
      "verbosityLevel": 0
    }
  },
  {
    "marker": {
      "Position": 195,
      "LSPosition": {
        "line": 9,
        "character": 10
      },
      "Name": "F",
      "Data": {}
    },
    "item": {
      "hover": {
        "contents": {
          "kind": "markdown",
          "value": "```tlua\ntype F<T> = { [K in keyof T as T[K] extends number | boolean ? never : K]: T[K]; }\n```\n"
        },
        "range": {
          "start": {
            "line": 9,
            "character": 9
          },
          "end": {
            "line": 9,
            "character": 10
          }
        }
      },
      "verbosityLevel": 1
    }
  },
  {
    "marker": {
      "Position": 231,
      "LSPosition": {
        "line": 10,
        "character": 7
      },
      "Name": "y",
      "Data": {}
    },
    "item": {
      "hover": {
        "contents": {
          "kind": "markdown",
          "value": "```tlua\nlocal y: {\n    banana?: string | nil;\n    apple?: boolean | nil;\n}\n```\n"
        },
        "range": {
          "start": {
            "line": 10,
            "character": 6
          },
          "end": {
            "line": 10,
            "character": 7
          }
        }
      },
      "verbosityLevel": 0
    }
  },
  {
    "marker": {
      "Position": 343,
      "LSPosition": {
        "line": 14,
        "character": 10
      },
      "Name": "G",
      "Data": {}
    },
    "item": {
      "hover": {
        "contents": {
          "kind": "markdown",
          "value": "```tlua\ntype G<T> = { [K in keyof T]: T[K] & Apple; }\n```\n"
        },
        "range": {
          "start": {
            "line": 14,
            "character": 9
          },
          "end": {
            "line": 14,
            "character": 10
          }
        },
        "canIncreaseVerbosity": true
      },
      "verbosityLevel": 0
    }
  },
  {
    "marker": {
      "Position": 343,
      "LSPosition": {
        "line": 14,
        "character": 10
      },
      "Name": "G",
      "Data": {}
    },
    "item": {
      "hover": {
        "contents": {
          "kind": "markdown",
          "value": "```tlua\ntype G<T> = { [K in keyof T]: T[K] & (number | boolean); }\n```\n"
        },
        "range": {
          "start": {
            "line": 14,
            "character": 9
          },
          "end": {
            "line": 14,
            "character": 10
          }
        }
      },
      "verbosityLevel": 1
    }
  }
]