// === QuickInfo ===
=== /quickInfoLink10.tlua ===
// /**
//  * start {@link https://vscode.dev/ | end}
//  */
// local a = function() return 1 end;
//       ^
// | ----------------------------------------------------------------------
// | ```tlua
// | local a: () => number
// | ```
// | start [end](https://vscode.dev/)
// | ----------------------------------------------------------------------
[
  {
    "marker": {
      "Position": 57,
      "LSPosition": {
        "line": 3,
        "character": 6
      },
      "Name": "",
      "Data": {}
    },
    "item": {
      "contents": {
        "kind": "markdown",
        "value": "```tlua\nlocal a: () => number\n```\nstart [end](https://vscode.dev/)"
      },
      "range": {
        "start": {
          "line": 3,
          "character": 6
        },
        "end": {
          "line": 3,
          "character": 7
        }
      }
    }
  }
]