// === QuickInfo ===
=== /quickinfoVerbosityAbstractClass.tlua ===
// 
// declare abstract class Shape {
//                        ^^^^^
// | ----------------------------------------------------------------------
// | ```tlua
// | any
// | ```
// | 
// | (verbosity level: 1)
// | ----------------------------------------------------------------------
//                        ^^^^^
// | ----------------------------------------------------------------------
// | ```tlua
// | any
// | ```
// | 
// | (verbosity level: 0)
// | ----------------------------------------------------------------------
//     abstract area(): number;
//     abstract perimeter(): number;
//     toString(): string;
// }
// 
[
  {
    "marker": {
      "Position": 29,
      "LSPosition": {
        "line": 1,
        "character": 28
      },
      "Name": "1",
      "Data": {}
    },
    "item": {
      "hover": {
        "contents": {
          "kind": "markdown",
          "value": "```tlua\nany\n```\n"
        },
        "range": {
          "start": {
            "line": 1,
            "character": 23
          },
          "end": {
            "line": 1,
            "character": 28
          }
        }
      },
      "verbosityLevel": 0
    }
  },
  {
    "marker": {
      "Position": 29,
      "LSPosition": {
        "line": 1,
        "character": 28
      },
      "Name": "1",
      "Data": {}
    },
    "item": {
      "hover": {
        "contents": {
          "kind": "markdown",
          "value": "```tlua\nany\n```\n"
        },
        "range": {
          "start": {
            "line": 1,
            "character": 23
          },
          "end": {
            "line": 1,
            "character": 28
          }
        }
      },
      "verbosityLevel": 1
    }
  }
]