// === QuickInfo ===
=== /quickinfoVerbosityClassInterfaceMerge.tlua ===
// 
// declare class Foo {
//               ^^^
// | ----------------------------------------------------------------------
// | ```tlua
// | any
// | ```
// | 
// | (verbosity level: 1)
// | ----------------------------------------------------------------------
//               ^^^
// | ----------------------------------------------------------------------
// | ```tlua
// | any
// | ```
// | 
// | (verbosity level: 0)
// | ----------------------------------------------------------------------
//     x: number;
// }
// declare interface Foo {
//     y: string;
// }
// local f: Foo = { x: 1, y: "hello" };
//          ^^^
// | ----------------------------------------------------------------------
// | ```tlua
// | interface Foo {
// |     y: string;
// | }
// | ```
// | 
// | (verbosity level: 1)
// | ----------------------------------------------------------------------
//          ^^^
// | ----------------------------------------------------------------------
// | ```tlua
// | interface Foo
// | ```
// | 
// | (verbosity level: 0)
// | ----------------------------------------------------------------------
// 
[
  {
    "marker": {
      "Position": 18,
      "LSPosition": {
        "line": 1,
        "character": 17
      },
      "Name": "1",
      "Data": {}
    },
    "item": {
      "hover": {
        "contents": {
          "kind": "markdown",
          "value": "```tlua\nany\n```\n"
        },
        "range": {
          "start": {
            "line": 1,
            "character": 14
          },
          "end": {
            "line": 1,
            "character": 17
          }
        }
      },
      "verbosityLevel": 0
    }
  },
  {
    "marker": {
      "Position": 18,
      "LSPosition": {
        "line": 1,
        "character": 17
      },
      "Name": "1",
      "Data": {}
    },
    "item": {
      "hover": {
        "contents": {
          "kind": "markdown",
          "value": "```tlua\nany\n```\n"
        },
        "range": {
          "start": {
            "line": 1,
            "character": 14
          },
          "end": {
            "line": 1,
            "character": 17
          }
        }
      },
      "verbosityLevel": 1
    }
  },
  {
    "marker": {
      "Position": 91,
      "LSPosition": {
        "line": 7,
        "character": 12
      },
      "Name": "2",
      "Data": {}
    },
    "item": {
      "hover": {
        "contents": {
          "kind": "markdown",
          "value": "```tlua\ninterface Foo\n```\n"
        },
        "range": {
          "start": {
            "line": 7,
            "character": 9
          },
          "end": {
            "line": 7,
            "character": 12
          }
        },
        "canIncreaseVerbosity": true
      },
      "verbosityLevel": 0
    }
  },
  {
    "marker": {
      "Position": 91,
      "LSPosition": {
        "line": 7,
        "character": 12
      },
      "Name": "2",
      "Data": {}
    },
    "item": {
      "hover": {
        "contents": {
          "kind": "markdown",
          "value": "```tlua\ninterface Foo {\n    y: string;\n}\n```\n"
        },
        "range": {
          "start": {
            "line": 7,
            "character": 9
          },
          "end": {
            "line": 7,
            "character": 12
          }
        }
      },
      "verbosityLevel": 1
    }
  }
]