// === QuickInfo ===
=== /quickInfoForJSDocUnknownTag.tlua ===
// /**
//  * @example
//  * if (true) {
//  *     foo()
//  * }
//  */
// function foo()
//          ^^^
// | ----------------------------------------------------------------------
// | ```tlua
// | function foo(): string
// | ```
// | 
// | 
// | *@example*
// | ```tlua
// | if (true) {
// |     foo()
// | }
// | ```
// | 
// | ----------------------------------------------------------------------
//     return '2';
// end
// /**
//  @example
//  {
//      foo()
//  }
//  */
// function foo2()
//          ^^^^
// | ----------------------------------------------------------------------
// | ```tlua
// | function foo2(): string
// | ```
// | 
// | 
// | *@example*
// | ```tlua
// | {
// |     foo()
// | }
// | ```
// | 
// | ----------------------------------------------------------------------
//     return '2';
// end
// /**
//  * @example
//  *   x y
//  *   12345
//  *      b
//  */
// function moo()
//          ^^^
// | ----------------------------------------------------------------------
// | ```tlua
// | function moo(): string
// | ```
// | 
// | 
// | *@example*
// | ```tlua
// |   x y
// |   12345
// |      b
// | ```
// | 
// | ----------------------------------------------------------------------
//     return '2';
// end
// /**
//  * @func
//  * @example
//  *   x y
//  *   12345
//  *      b
//  */
// function boo()
//          ^^^
// | ----------------------------------------------------------------------
// | ```tlua
// | function boo(): string
// | ```
// | 
// | 
// | *@func*
// | 
// | *@example*
// | ```tlua
// |   x y
// |   12345
// |      b
// | ```
// | 
// | ----------------------------------------------------------------------
//     return '2';
// end
// /**
//  * @func
//  * @example    x y
//  *             12345
//  *                b
//  */
// function goo()
//          ^^^
// | ----------------------------------------------------------------------
// | ```tlua
// | function goo(): string
// | ```
// | 
// | 
// | *@func*
// | 
// | *@example*
// | ```tlua
// | x y
// | 12345
// |    b
// | ```
// | 
// | ----------------------------------------------------------------------
//     return '2';
// end
[
  {
    "marker": {
      "Position": 64,
      "LSPosition": {
        "line": 6,
        "character": 11
      },
      "Name": "1",
      "Data": {}
    },
    "item": {
      "contents": {
        "kind": "markdown",
        "value": "```tlua\nfunction foo(): string\n```\n\n\n*@example*\n```tlua\nif (true) {\n    foo()\n}\n```\n"
      },
      "range": {
        "start": {
          "line": 6,
          "character": 9
        },
        "end": {
          "line": 6,
          "character": 12
        }
      }
    }
  },
  {
    "marker": {
      "Position": 134,
      "LSPosition": {
        "line": 15,
        "character": 11
      },
      "Name": "2",
      "Data": {}
    },
    "item": {
      "contents": {
        "kind": "markdown",
        "value": "```tlua\nfunction foo2(): string\n```\n\n\n*@example*\n```tlua\n{\n    foo()\n}\n```\n"
      },
      "range": {
        "start": {
          "line": 15,
          "character": 9
        },
        "end": {
          "line": 15,
          "character": 13
        }
      }
    }
  },
  {
    "marker": {
      "Position": 219,
      "LSPosition": {
        "line": 24,
        "character": 10
      },
      "Name": "3",
      "Data": {}
    },
    "item": {
      "contents": {
        "kind": "markdown",
        "value": "```tlua\nfunction moo(): string\n```\n\n\n*@example*\n```tlua\n  x y\n  12345\n     b\n```\n"
      },
      "range": {
        "start": {
          "line": 24,
          "character": 9
        },
        "end": {
          "line": 24,
          "character": 12
        }
      }
    }
  },
  {
    "marker": {
      "Position": 313,
      "LSPosition": {
        "line": 34,
        "character": 10
      },
      "Name": "4",
      "Data": {}
    },
    "item": {
      "contents": {
        "kind": "markdown",
        "value": "```tlua\nfunction boo(): string\n```\n\n\n*@func*\n\n*@example*\n```tlua\n  x y\n  12345\n     b\n```\n"
      },
      "range": {
        "start": {
          "line": 34,
          "character": 9
        },
        "end": {
          "line": 34,
          "character": 12
        }
      }
    }
  },
  {
    "marker": {
      "Position": 426,
      "LSPosition": {
        "line": 43,
        "character": 11
      },
      "Name": "5",
      "Data": {}
    },
    "item": {
      "contents": {
        "kind": "markdown",
        "value": "```tlua\nfunction goo(): string\n```\n\n\n*@func*\n\n*@example*\n```tlua\nx y\n12345\n   b\n```\n"
      },
      "range": {
        "start": {
          "line": 43,
          "character": 9
        },
        "end": {
          "line": 43,
          "character": 12
        }
      }
    }
  }
]