// === QuickInfo ===
=== /quickinfoVerbosity2.tlua ===
// type Str = string | {};
// type FooType = Str | number;
// type Sym = symbol | (() => void);
// type BarType = Sym | boolean;
// type BothType = FooType | BarType;
// local both: BothType = 1;
//       ^^^^
// | ----------------------------------------------------------------------
// | ```typescript
// | local both: (boolean | (symbol | (() => void))) | (number | (string | {}))
// | ```
// | 
// | (verbosity level: 3)
// | ----------------------------------------------------------------------
//       ^^^^
// | ----------------------------------------------------------------------
// | ```typescript
// | local both: (boolean | Sym) | (number | Str)
// | ```
// | 
// | (verbosity level: 2)
// | ----------------------------------------------------------------------
//       ^^^^
// | ----------------------------------------------------------------------
// | ```typescript
// | local both: BarType | FooType
// | ```
// | 
// | (verbosity level: 1)
// | ----------------------------------------------------------------------
//       ^^^^
// | ----------------------------------------------------------------------
// | ```typescript
// | local both: BothType
// | ```
// | 
// | (verbosity level: 0)
// | ----------------------------------------------------------------------
[
  {
    "marker": {
      "Position": 162,
      "LSPosition": {
        "line": 5,
        "character": 10
      },
      "Name": "b",
      "Data": {}
    },
    "item": {
      "hover": {
        "contents": {
          "kind": "markdown",
          "value": "```typescript\nlocal both: BothType\n```\n"
        },
        "range": {
          "start": {
            "line": 5,
            "character": 6
          },
          "end": {
            "line": 5,
            "character": 10
          }
        },
        "canIncreaseVerbosity": true
      },
      "verbosityLevel": 0
    }
  },
  {
    "marker": {
      "Position": 162,
      "LSPosition": {
        "line": 5,
        "character": 10
      },
      "Name": "b",
      "Data": {}
    },
    "item": {
      "hover": {
        "contents": {
          "kind": "markdown",
          "value": "```typescript\nlocal both: BarType | FooType\n```\n"
        },
        "range": {
          "start": {
            "line": 5,
            "character": 6
          },
          "end": {
            "line": 5,
            "character": 10
          }
        },
        "canIncreaseVerbosity": true
      },
      "verbosityLevel": 1
    }
  },
  {
    "marker": {
      "Position": 162,
      "LSPosition": {
        "line": 5,
        "character": 10
      },
      "Name": "b",
      "Data": {}
    },
    "item": {
      "hover": {
        "contents": {
          "kind": "markdown",
          "value": "```typescript\nlocal both: (boolean | Sym) | (number | Str)\n```\n"
        },
        "range": {
          "start": {
            "line": 5,
            "character": 6
          },
          "end": {
            "line": 5,
            "character": 10
          }
        },
        "canIncreaseVerbosity": true
      },
      "verbosityLevel": 2
    }
  },
  {
    "marker": {
      "Position": 162,
      "LSPosition": {
        "line": 5,
        "character": 10
      },
      "Name": "b",
      "Data": {}
    },
    "item": {
      "hover": {
        "contents": {
          "kind": "markdown",
          "value": "```typescript\nlocal both: (boolean | (symbol | (() => void))) | (number | (string | {}))\n```\n"
        },
        "range": {
          "start": {
            "line": 5,
            "character": 6
          },
          "end": {
            "line": 5,
            "character": 10
          }
        }
      },
      "verbosityLevel": 3
    }
  }
]