// === QuickInfo ===
=== /quickInfoJsDocTags16.tlua ===
// class A {
//     /**
//      * Description text here.
//      *
//      * @virtual
//      */
//     foo() { }
// }
// 
// class B extends A {
//     override foo() { }
//              ^^^
// | ----------------------------------------------------------------------
// | ```typescript
// | any
// | ```
// | 
// | ----------------------------------------------------------------------
// }
// 
// class C extends B {
//     override foo() { }
//              ^^^
// | ----------------------------------------------------------------------
// | ```typescript
// | any
// | ```
// | 
// | ----------------------------------------------------------------------
// }
[
  {
    "marker": {
      "Position": 129,
      "LSPosition": {
        "line": 10,
        "character": 13
      },
      "Name": "1",
      "Data": {}
    },
    "item": {
      "contents": {
        "kind": "markdown",
        "value": "```typescript\nany\n```\n"
      },
      "range": {
        "start": {
          "line": 10,
          "character": 13
        },
        "end": {
          "line": 10,
          "character": 16
        }
      }
    }
  },
  {
    "marker": {
      "Position": 175,
      "LSPosition": {
        "line": 14,
        "character": 13
      },
      "Name": "2",
      "Data": {}
    },
    "item": {
      "contents": {
        "kind": "markdown",
        "value": "```typescript\nany\n```\n"
      },
      "range": {
        "start": {
          "line": 14,
          "character": 13
        },
        "end": {
          "line": 14,
          "character": 16
        }
      }
    }
  }
]