// === QuickInfo ===
=== /quickInfoDisplayPartsArrowFunctionExpression.tlua ===
// local x = function(a) return 10 end;
//       ^
// | ----------------------------------------------------------------------
// | ```tlua
// | local x: (a: any) => number
// | ```
// | 
// | ----------------------------------------------------------------------
//                    ^
// | ----------------------------------------------------------------------
// | ```tlua
// | (parameter) a: any
// | ```
// | 
// | ----------------------------------------------------------------------
// local y = function(a, b) return 10 end;
//       ^
// | ----------------------------------------------------------------------
// | ```tlua
// | local y: (a: any, b: any) => number
// | ```
// | 
// | ----------------------------------------------------------------------
//                    ^
// | ----------------------------------------------------------------------
// | ```tlua
// | (parameter) a: any
// | ```
// | 
// | ----------------------------------------------------------------------
//                       ^
// | ----------------------------------------------------------------------
// | ```tlua
// | (parameter) b: any
// | ```
// | 
// | ----------------------------------------------------------------------
// local z = function(a: number) return 10 end;
//       ^
// | ----------------------------------------------------------------------
// | ```tlua
// | local z: (a: number) => number
// | ```
// | 
// | ----------------------------------------------------------------------
//                    ^
// | ----------------------------------------------------------------------
// | ```tlua
// | (parameter) a: number
// | ```
// | 
// | ----------------------------------------------------------------------
// local z2 = function() return 10 end;
//       ^^
// | ----------------------------------------------------------------------
// | ```tlua
// | local z2: () => number
// | ```
// | 
// | ----------------------------------------------------------------------
[
  {
    "marker": {
      "Position": 6,
      "LSPosition": {
        "line": 0,
        "character": 6
      },
      "Name": "1",
      "Data": {}
    },
    "item": {
      "contents": {
        "kind": "markdown",
        "value": "```tlua\nlocal x: (a: any) => number\n```\n"
      },
      "range": {
        "start": {
          "line": 0,
          "character": 6
        },
        "end": {
          "line": 0,
          "character": 7
        }
      }
    }
  },
  {
    "marker": {
      "Position": 19,
      "LSPosition": {
        "line": 0,
        "character": 19
      },
      "Name": "5",
      "Data": {}
    },
    "item": {
      "contents": {
        "kind": "markdown",
        "value": "```tlua\n(parameter) a: any\n```\n"
      },
      "range": {
        "start": {
          "line": 0,
          "character": 19
        },
        "end": {
          "line": 0,
          "character": 20
        }
      }
    }
  },
  {
    "marker": {
      "Position": 43,
      "LSPosition": {
        "line": 1,
        "character": 6
      },
      "Name": "2",
      "Data": {}
    },
    "item": {
      "contents": {
        "kind": "markdown",
        "value": "```tlua\nlocal y: (a: any, b: any) => number\n```\n"
      },
      "range": {
        "start": {
          "line": 1,
          "character": 6
        },
        "end": {
          "line": 1,
          "character": 7
        }
      }
    }
  },
  {
    "marker": {
      "Position": 56,
      "LSPosition": {
        "line": 1,
        "character": 19
      },
      "Name": "6",
      "Data": {}
    },
    "item": {
      "contents": {
        "kind": "markdown",
        "value": "```tlua\n(parameter) a: any\n```\n"
      },
      "range": {
        "start": {
          "line": 1,
          "character": 19
        },
        "end": {
          "line": 1,
          "character": 20
        }
      }
    }
  },
  {
    "marker": {
      "Position": 59,
      "LSPosition": {
        "line": 1,
        "character": 22
      },
      "Name": "7",
      "Data": {}
    },
    "item": {
      "contents": {
        "kind": "markdown",
        "value": "```tlua\n(parameter) b: any\n```\n"
      },
      "range": {
        "start": {
          "line": 1,
          "character": 22
        },
        "end": {
          "line": 1,
          "character": 23
        }
      }
    }
  },
  {
    "marker": {
      "Position": 83,
      "LSPosition": {
        "line": 2,
        "character": 6
      },
      "Name": "3",
      "Data": {}
    },
    "item": {
      "contents": {
        "kind": "markdown",
        "value": "```tlua\nlocal z: (a: number) => number\n```\n"
      },
      "range": {
        "start": {
          "line": 2,
          "character": 6
        },
        "end": {
          "line": 2,
          "character": 7
        }
      }
    }
  },
  {
    "marker": {
      "Position": 96,
      "LSPosition": {
        "line": 2,
        "character": 19
      },
      "Name": "8",
      "Data": {}
    },
    "item": {
      "contents": {
        "kind": "markdown",
        "value": "```tlua\n(parameter) a: number\n```\n"
      },
      "range": {
        "start": {
          "line": 2,
          "character": 19
        },
        "end": {
          "line": 2,
          "character": 20
        }
      }
    }
  },
  {
    "marker": {
      "Position": 128,
      "LSPosition": {
        "line": 3,
        "character": 6
      },
      "Name": "4",
      "Data": {}
    },
    "item": {
      "contents": {
        "kind": "markdown",
        "value": "```tlua\nlocal z2: () => number\n```\n"
      },
      "range": {
        "start": {
          "line": 3,
          "character": 6
        },
        "end": {
          "line": 3,
          "character": 8
        }
      }
    }
  }
]