// === QuickInfo ===
=== /quickinfoVerbosityNamespaceMergedInterfaceHeritage.tlua ===
// 
// declare namespace NS {
//                   ^^
// | ----------------------------------------------------------------------
// | ```tlua
// | any
// | ```
// | 
// | (verbosity level: 1)
// | ----------------------------------------------------------------------
//                   ^^
// | ----------------------------------------------------------------------
// | ```tlua
// | any
// | ```
// | 
// | (verbosity level: 0)
// | ----------------------------------------------------------------------
//     interface Config extends A {
//         a: string;
//     }
// 
//     interface Config extends B {
//         b: number;
//     }
// 
//     interface A {
//         a: string;
//     }
// 
//     interface B {
//         b: number;
//     }
// }
// 
[
  {
    "marker": {
      "Position": 21,
      "LSPosition": {
        "line": 1,
        "character": 20
      },
      "Name": "1",
      "Data": {}
    },
    "item": {
      "hover": {
        "contents": {
          "kind": "markdown",
          "value": "```tlua\nany\n```\n"
        },
        "range": {
          "start": {
            "line": 1,
            "character": 18
          },
          "end": {
            "line": 1,
            "character": 20
          }
        }
      },
      "verbosityLevel": 0
    }
  },
  {
    "marker": {
      "Position": 21,
      "LSPosition": {
        "line": 1,
        "character": 20
      },
      "Name": "1",
      "Data": {}
    },
    "item": {
      "hover": {
        "contents": {
          "kind": "markdown",
          "value": "```tlua\nany\n```\n"
        },
        "range": {
          "start": {
            "line": 1,
            "character": 18
          },
          "end": {
            "line": 1,
            "character": 20
          }
        }
      },
      "verbosityLevel": 1
    }
  }
]