// === QuickInfo ===
=== /quickinfoVerbosityNamespacePrivateTypes.tlua ===
// 
// declare namespace API {
//                   ^^^
// | ----------------------------------------------------------------------
// | ```tlua
// | any
// | ```
// | 
// | (verbosity level: 1)
// | ----------------------------------------------------------------------
//                   ^^^
// | ----------------------------------------------------------------------
// | ```tlua
// | any
// | ```
// | 
// | (verbosity level: 0)
// | ----------------------------------------------------------------------
//     interface InternalConfig {
//         secret: string;
//         timeout: number;
//     }
//     function configure(config: InternalConfig): void;
//     local defaultConfig: InternalConfig;
// }
// 
[
  {
    "marker": {
      "Position": 22,
      "LSPosition": {
        "line": 1,
        "character": 21
      },
      "Name": "1",
      "Data": {}
    },
    "item": {
      "hover": {
        "contents": {
          "kind": "markdown",
          "value": "```tlua\nany\n```\n"
        },
        "range": {
          "start": {
            "line": 1,
            "character": 18
          },
          "end": {
            "line": 1,
            "character": 21
          }
        }
      },
      "verbosityLevel": 0
    }
  },
  {
    "marker": {
      "Position": 22,
      "LSPosition": {
        "line": 1,
        "character": 21
      },
      "Name": "1",
      "Data": {}
    },
    "item": {
      "hover": {
        "contents": {
          "kind": "markdown",
          "value": "```tlua\nany\n```\n"
        },
        "range": {
          "start": {
            "line": 1,
            "character": 18
          },
          "end": {
            "line": 1,
            "character": 21
          }
        }
      },
      "verbosityLevel": 1
    }
  }
]