// === Inlay Hints ===
    { n = [1, 2, 3] },
    ^
{
  "position": {
    "line": 12,
    "character": 4
  },
  "label": [
    {
      "value": "bad1",
      "location": {
        "uri": "file:///inlayHintsOverloadCall2.tlua",
        "range": {
          "start": {
            "line": 8,
            "character": 22
          },
          "end": {
            "line": 8,
            "character": 26
          }
        }
      }
    },
    {
      "value": ":"
    }
  ],
  "kind": 2,
  "paddingRight": true
}

    {
    ^
{
  "position": {
    "line": 13,
    "character": 4
  },
  "label": [
    {
      "value": "bad2",
      "location": {
        "uri": "file:///inlayHintsOverloadCall2.tlua",
        "range": {
          "start": {
            "line": 8,
            "character": 36
          },
          "end": {
            "line": 8,
            "character": 40
          }
        }
      }
    },
    {
      "value": ":"
    }
  ],
  "kind": 2,
  "paddingRight": true
}