// === Inlay Hints ===
function foo1 ()
                ^
{
  "position": {
    "line": 0,
    "character": 16
  },
  "label": [
    {
      "value": ": "
    },
    {
      "value": "number"
    }
  ],
  "kind": 1,
  "paddingLeft": true
}

local a = function() return 1 end
                    ^
{
  "position": {
    "line": 14,
    "character": 20
  },
  "label": [
    {
      "value": ": "
    },
    {
      "value": "number"
    }
  ],
  "kind": 1,
  "paddingLeft": true
}

local b = function () return 1 end
                     ^
{
  "position": {
    "line": 15,
    "character": 21
  },
  "label": [
    {
      "value": ": "
    },
    {
      "value": "number"
    }
  ],
  "kind": 1,
  "paddingLeft": true
}

local c = function(b) return 1 end
                     ^
{
  "position": {
    "line": 16,
    "character": 21
  },
  "label": [
    {
      "value": ": "
    },
    {
      "value": "number"
    }
  ],
  "kind": 1,
  "paddingLeft": true
}

local d = function(b) return 1 end
                     ^
{
  "position": {
    "line": 17,
    "character": 21
  },
  "label": [
    {
      "value": ": "
    },
    {
      "value": "number"
    }
  ],
  "kind": 1,
  "paddingLeft": true
}