// === Inlay Hints ===
local foo = {
         ^
{
  "position": {
    "line": 6,
    "character": 9
  },
  "label": [
    {
      "value": ": "
    },
    {
      "value": "{ ["
    },
    {
      "value": "MySymbol",
      "location": {
        "uri": "file:///inlayHintsElementAccess.tlua",
        "range": {
          "start": {
            "line": 0,
            "character": 10
          },
          "end": {
            "line": 0,
            "character": 18
          }
        }
      }
    },
    {
      "value": "[\"my dispose\"]]: () => void; }"
    }
  ],
  "kind": 1,
  "paddingLeft": true
}