// === Inlay Hints ===
test(function(state) end);
                   ^
{
  "position": {
    "line": 6,
    "character": 19
  },
  "label": [
    {
      "value": ": "
    },
    {
      "value": "{ ["
    },
    {
      "value": "STATE_SIGNAL",
      "location": {
        "uri": "file:///inlayHintsFunctionParameterTypes5.tlua",
        "range": {
          "start": {
            "line": 0,
            "character": 8
          },
          "end": {
            "line": 0,
            "character": 20
          }
        }
      }
    },
    {
      "value": "]: unknown; }"
    }
  ],
  "kind": 1,
  "paddingLeft": true
}